Component: ARM Compiler 5.06 update 7 (build 960) Tool: armlink [4d3601]

==============================================================================

Section Cross References

    startup_stm32f103xe.o(STACK) refers (Special) to heapauxi.o(.text) for __use_two_region_memory
    startup_stm32f103xe.o(HEAP) refers (Special) to heapauxi.o(.text) for __use_two_region_memory
    startup_stm32f103xe.o(RESET) refers (Special) to heapauxi.o(.text) for __use_two_region_memory
    startup_stm32f103xe.o(RESET) refers to startup_stm32f103xe.o(STACK) for __initial_sp
    startup_stm32f103xe.o(RESET) refers to startup_stm32f103xe.o(.text) for Reset_Handler
    startup_stm32f103xe.o(RESET) refers to stm32f1xx_it.o(i.NMI_Handler) for NMI_Handler
    startup_stm32f103xe.o(RESET) refers to stm32f1xx_it.o(i.HardFault_Handler) for HardFault_Handler
    startup_stm32f103xe.o(RESET) refers to stm32f1xx_it.o(i.MemManage_Handler) for MemManage_Handler
    startup_stm32f103xe.o(RESET) refers to stm32f1xx_it.o(i.BusFault_Handler) for BusFault_Handler
    startup_stm32f103xe.o(RESET) refers to stm32f1xx_it.o(i.UsageFault_Handler) for UsageFault_Handler
    startup_stm32f103xe.o(RESET) refers to stm32f1xx_it.o(i.SVC_Handler) for SVC_Handler
    startup_stm32f103xe.o(RESET) refers to stm32f1xx_it.o(i.DebugMon_Handler) for DebugMon_Handler
    startup_stm32f103xe.o(RESET) refers to stm32f1xx_it.o(i.PendSV_Handler) for PendSV_Handler
    startup_stm32f103xe.o(RESET) refers to stm32f1xx_it.o(i.SysTick_Handler) for SysTick_Handler
    startup_stm32f103xe.o(RESET) refers to forward_motor.o(i.TIM2_IRQHandler) for TIM2_IRQHandler
    startup_stm32f103xe.o(RESET) refers to convey_motor.o(i.TIM3_IRQHandler) for TIM3_IRQHandler
    startup_stm32f103xe.o(RESET) refers to usart.o(i.USART1_IRQHandler) for USART1_IRQHandler
    startup_stm32f103xe.o(RESET) refers to esp8266.o(i.USART2_IRQHandler) for USART2_IRQHandler
    startup_stm32f103xe.o(RESET) refers to lift_motor.o(i.TIM5_IRQHandler) for TIM5_IRQHandler
    startup_stm32f103xe.o(.text) refers (Special) to heapauxi.o(.text) for __use_two_region_memory
    startup_stm32f103xe.o(.text) refers to system_stm32f1xx.o(i.SystemInit) for SystemInit
    startup_stm32f103xe.o(.text) refers to __main.o(!!!main) for __main
    startup_stm32f103xe.o(.text) refers to startup_stm32f103xe.o(HEAP) for Heap_Mem
    startup_stm32f103xe.o(.text) refers to startup_stm32f103xe.o(STACK) for Stack_Mem
    main.o(i.calculate_motor_pos) refers to f2d.o(x$fpl$f2d) for __aeabi_f2d
    main.o(i.calculate_motor_pos) refers to drleqf.o(x$fpl$drleqf) for __aeabi_cdrcmple
    main.o(i.calculate_motor_pos) refers to dleqf.o(x$fpl$dleqf) for __aeabi_cdcmple
    main.o(i.calculate_motor_pos) refers to faddsub_clz.o(x$fpl$fsub) for __aeabi_fsub
    main.o(i.calculate_motor_pos) refers to d2f.o(x$fpl$d2f) for __aeabi_d2f
    main.o(i.calculate_motor_pos) refers to fleqf.o(x$fpl$fleqf) for __aeabi_cfcmple
    main.o(i.case_example) refers to forward_motor.o(i.forward_motor_start) for forward_motor_start
    main.o(i.case_example) refers to main.o(i.calculate_motor_pos) for calculate_motor_pos
    main.o(i.case_example) refers to forward_motor.o(i.forward_motor_setDirection) for forward_motor_setDirection
    main.o(i.case_example) refers to forward_motor.o(i.forward_motor_setSpeed) for forward_motor_setSpeed
    main.o(i.case_example) refers to fmul.o(x$fpl$fmul) for __aeabi_fmul
    main.o(i.case_example) refers to ffixu.o(x$fpl$ffixu) for __aeabi_f2uiz
    main.o(i.case_example) refers to delay.o(i.delay_ms) for delay_ms
    main.o(i.case_example) refers to forward_motor.o(i.forward_motor_stop) for forward_motor_stop
    main.o(i.case_example) refers to lift_motor.o(i.lift_motor_start) for lift_motor_start
    main.o(i.case_example) refers to lift_motor.o(i.lift_motor_setDirection) for lift_motor_setDirection
    main.o(i.case_example) refers to lift_motor.o(i.lift_motor_setSpeed) for lift_motor_setSpeed
    main.o(i.case_example) refers to lift_motor.o(i.lift_motor_stop) for lift_motor_stop
    main.o(i.case_example) refers to main.o(.data) for forward_dir
    main.o(i.forward_setPos) refers to forward_motor.o(i.forward_motor_start) for forward_motor_start
    main.o(i.forward_setPos) refers to main.o(i.calculate_motor_pos) for calculate_motor_pos
    main.o(i.forward_setPos) refers to forward_motor.o(i.forward_motor_setDirection) for forward_motor_setDirection
    main.o(i.forward_setPos) refers to forward_motor.o(i.forward_motor_setSpeed) for forward_motor_setSpeed
    main.o(i.forward_setPos) refers to fmul.o(x$fpl$fmul) for __aeabi_fmul
    main.o(i.forward_setPos) refers to ffixu.o(x$fpl$ffixu) for __aeabi_f2uiz
    main.o(i.forward_setPos) refers to delay.o(i.delay_ms) for delay_ms
    main.o(i.forward_setPos) refers to forward_motor.o(i.forward_motor_stop) for forward_motor_stop
    main.o(i.forward_setPos) refers to main.o(.data) for forward_dir
    main.o(i.key_reset) refers to key.o(i.key_scanf) for key_scanf
[...]
    .ARM.Collect$$libinit$$00000017          0x0800020e   Section        0  libinit2.o(.ARM.Collect$$libinit$$00000017)
    .ARM.Collect$$libinit$$00000019          0x0800020e   Section        0  libinit2.o(.ARM.Collect$$libinit$$00000019)
    .ARM.Collect$$libinit$$0000001B          0x0800020e   Section        0  libinit2.o(.ARM.Collect$$libinit$$0000001B)
    .ARM.Collect$$libinit$$0000001D          0x0800020e   Section        0  libinit2.o(.ARM.Collect$$libinit$$0000001D)
    .ARM.Collect$$libinit$$0000001F          0x0800020e   Section        0  libinit2.o(.ARM.Collect$$libinit$$0000001F)
    .ARM.Collect$$libinit$$00000021          0x0800020e   Section        0  libinit2.o(.ARM.Collect$$libinit$$00000021)
    .ARM.Collect$$libinit$$00000023          0x0800020e   Section        0  libinit2.o(.ARM.Collect$$libinit$$00000023)
    .ARM.Collect$$libinit$$00000025          0x0800020e   Section        0  libinit2.o(.ARM.Collect$$libinit$$00000025)
    .ARM.Collect$$libinit$$0000002C          0x0800020e   Section        0  libinit2.o(.ARM.Collect$$libinit$$0000002C)
    .ARM.Collect$$libinit$$0000002E          0x0800020e   Section        0  libinit2.o(.ARM.Collect$$libinit$$0000002E)
    .ARM.Collect$$libinit$$00000030          0x0800020e   Section        0  libinit2.o(.ARM.Collect$$libinit$$00000030)
    .ARM.Collect$$libinit$$00000032          0x0800020e   Section        0  libinit2.o(.ARM.Collect$$libinit$$00000032)
    .ARM.Collect$$libinit$$00000033          0x0800020e   Section        2  libinit2.o(.ARM.Collect$$libinit$$00000033)
    .ARM.Collect$$libshutdown$$00000000      0x08000210   Section        2  libshutdown.o(.ARM.Collect$$libshutdown$$00000000)
    .ARM.Collect$$libshutdown$$00000002      0x08000212   Section        0  libshutdown2.o(.ARM.Collect$$libshutdown$$00000002)
    .ARM.Collect$$libshutdown$$00000004      0x08000212   Section        0  libshutdown2.o(.ARM.Collect$$libshutdown$$00000004)
    .ARM.Collect$$libshutdown$$00000006      0x08000212   Section        0  libshutdown2.o(.ARM.Collect$$libshutdown$$00000006)
    .ARM.Collect$$libshutdown$$00000009      0x08000212   Section        0  libshutdown2.o(.ARM.Collect$$libshutdown$$00000009)
    .ARM.Collect$$libshutdown$$0000000C      0x08000212   Section        0  libshutdown2.o(.ARM.Collect$$libshutdown$$0000000C)
    .ARM.Collect$$libshutdown$$0000000E      0x08000212   Section        0  libshutdown2.o(.ARM.Collect$$libshutdown$$0000000E)
    .ARM.Collect$$libshutdown$$00000011      0x08000212   Section        0  libshutdown2.o(.ARM.Collect$$libshutdown$$00000011)
    .ARM.Collect$$libshutdown$$00000012      0x08000212   Section        2  libshutdown2.o(.ARM.Collect$$libshutdown$$00000012)
    .ARM.Collect$$rtentry$$00000000          0x08000214   Section        0  __rtentry.o(.ARM.Collect$$rtentry$$00000000)
    .ARM.Collect$$rtentry$$00000002          0x08000214   Section        0  __rtentry2.o(.ARM.Collect$$rtentry$$00000002)
    .ARM.Collect$$rtentry$$00000004          0x08000214   Section        6  __rtentry4.o(.ARM.Collect$$rtentry$$00000004)
    .ARM.Collect$$rtentry$$00000009          0x0800021a   Section        0  __rtentry2.o(.ARM.Collect$$rtentry$$00000009)
    .ARM.Collect$$rtentry$$0000000A          0x0800021a   Section        4  __rtentry2.o(.ARM.Collect$$rtentry$$0000000A)
    .ARM.Collect$$rtentry$$0000000C          0x0800021e   Section        0  __rtentry2.o(.ARM.Collect$$rtentry$$0000000C)
    .ARM.Collect$$rtentry$$0000000D          0x0800021e   Section        8  __rtentry2.o(.ARM.Collect$$rtentry$$0000000D)
    .ARM.Collect$$rtexit$$00000000           0x08000226   Section        2  rtexit.o(.ARM.Collect$$rtexit$$00000000)
    .ARM.Collect$$rtexit$$00000002           0x08000228   Section        0  rtexit2.o(.ARM.Collect$$rtexit$$00000002)
    .ARM.Collect$$rtexit$$00000003           0x08000228   Section        4  rtexit2.o(.ARM.Collect$$rtexit$$00000003)
    .ARM.Collect$$rtexit$$00000004           0x0800022c   Section        6  rtexit2.o(.ARM.Collect$$rtexit$$00000004)
    .text                                    0x08000234   Section       64  startup_stm32f103xe.o(.text)
    .text                                    0x08000274   Section        2  use_no_semi_2.o(.text)
    .text                                    0x08000278   Section        0  __2printf.o(.text)
    .text                                    0x08000290   Section        0  _printf_dec.o(.text)
    .text                                    0x08000308   Section        0  __printf_flags_ss_wp.o(.text)
    .text                                    0x08000490   Section       78  rt_memclr_w.o(.text)
    .text                                    0x080004de   Section        0  heapauxi.o(.text)
    .text                                    0x080004e4   Section        2  use_no_semi.o(.text)
    .text                                    0x080004e6   Section        0  _printf_intcommon.o(.text)
    .text                                    0x08000598   Section        0  _printf_fp_dec.o(.text)
    _fp_digits                               0x0800059b   Thumb Code   432  _printf_fp_dec.o(.text)
    .text                                    0x080009b8   Section        0  _printf_char_common.o(.text)
    _printf_input_char                       0x080009b9   Thumb Code    10  _printf_char_common.o(.text)
    .text                                    0x080009e8   Section        0  _printf_char_file.o(.text)
    .text                                    0x08000a0c   Section        8  rt_locale_intlibspace.o(.text)
    .text                                    0x08000a14   Section      138  lludiv10.o(.text)
    .text                                    0x08000aa0   Section        0  _printf_fp_infnan.o(.text)
    .text                                    0x08000b20   Section        0  bigflt0.o(.text)
    .text                                    0x08000c04   Section        0  ferror.o(.text)
    .text                                    0x08000c0c   Section        8  libspace.o(.text)
    .text                                    0x08000c14   Section       74  sys_stackheap_outer.o(.text)
    .text                                    0x08000c5e   Section        0  exit.o(.text)
    .text                                    0x08000c70   Section      128  strcmpv7m.o(.text)
    CL$$btod_d2e                             0x08000cf0   Section       62  btod.o(CL$$btod_d2e)
    CL$$btod_d2e_denorm_low                  0x08000d2e   Section       70  btod.o(CL$$btod_d2e_denorm_low)
    CL$$btod_d2e_norm_op1                    0x08000d74   Section       96  btod.o(CL$$btod_d2e_norm_op1)
    CL$$btod_div_common                      0x08000dd4   Section      824  btod.o(CL$$btod_div_common)
    CL$$btod_e2e                             0x0800110c   Section      220  btod.o(CL$$btod_e2e)
    CL$$btod_ediv                            0x080011e8   Section       42  btod.o(CL$$btod_ediv)
    CL$$btod_emul                            0x08001212   Section       42  btod.o(CL$$btod_emul)
    CL$$btod_mult_common                     0x0800123c   Section      580  btod.o(CL$$btod_mult_common)
    i.BusFault_Handler                       0x08001480   Section        0  stm32f1xx_it.o(i.BusFault_Handler)
    i.DebugMon_Handler                       0x08001484   Section        0  stm32f1xx_it.o(i.DebugMon_Handler)
    i.HAL_GPIO_Init                          0x08001488   Section        0  stm32f1xx_hal_gpio.o(i.HAL_GPIO_Init)
    i.HAL_GPIO_ReadPin                       0x080017c8   Section        0  stm32f1xx_hal_gpio.o(i.HAL_GPIO_ReadPin)
    i.HAL_GPIO_WritePin                      0x080017d8   Section        0  stm32f1xx_hal_gpio.o(i.HAL_GPIO_WritePin)
    i.HAL_GetTick                            0x080017e4   Section        0  stm32f1xx_hal.o(i.HAL_GetTick)
    i.HAL_IncTick                            0x080017f0   Section        0  stm32f1xx_hal.o(i.HAL_IncTick)
    i.HAL_Init                               0x08001808   Section        0  stm32f1xx_hal.o(i.HAL_Init)
    i.HAL_InitTick                           0x08001830   Section        0  stm32f1xx_hal.o(i.HAL_InitTick)
    i.HAL_MspInit                            0x0800187c   Section        0  stm32f1xx_hal.o(i.HAL_MspInit)
    i.HAL_NVIC_EnableIRQ                     0x0800187e   Section        0  stm32f1xx_hal_cortex.o(i.HAL_NVIC_EnableIRQ)
    i.HAL_NVIC_SetPriority                   0x0800189e   Section        0  stm32f1xx_hal_cortex.o(i.HAL_NVIC_SetPriority)
    i.HAL_NVIC_SetPriorityGrouping           0x0800191c   Section        0  stm32f1xx_hal_cortex.o(i.HAL_NVIC_SetPriorityGrouping)
    i.HAL_RCC_ClockConfig                    0x08001944   Section        0  stm32f1xx_hal_rcc.o(i.HAL_RCC_ClockConfig)
    i.HAL_RCC_GetHCLKFreq                    0x08001ad0   Section        0  stm32f1xx_hal_rcc.o(i.HAL_RCC_GetHCLKFreq)
    i.HAL_RCC_GetPCLK1Freq                   0x08001adc   Section        0  stm32f1xx_hal_rcc.o(i.HAL_RCC_GetPCLK1Freq)
    i.HAL_RCC_GetPCLK2Freq                   0x08001afc   Section        0  stm32f1xx_hal_rcc.o(i.HAL_RCC_GetPCLK2Freq)
    i.HAL_RCC_GetSysClockFreq                0x08001b1c   Section        0  stm32f1xx_hal_rcc.o(i.HAL_RCC_GetSysClockFreq)
    i.HAL_RCC_OscConfig                      0x08001bb0   Section        0  stm32f1xx_hal_rcc.o(i.HAL_RCC_OscConfig)
    i.HAL_SYSTICK_Config                     0x08002014   Section        0  stm32f1xx_hal_cortex.o(i.HAL_SYSTICK_Config)
    i.HAL_TIMEx_BreakCallback                0x08002048   Section        0  stm32f1xx_hal_tim_ex.o(i.HAL_TIMEx_BreakCallback)
    i.HAL_TIMEx_CommutCallback               0x0800204a   Section        0  stm32f1xx_hal_tim_ex.o(i.HAL_TIMEx_CommutCallback)
    i.HAL_TIM_Base_Init                      0x0800204c   Section        0  stm32f1xx_hal_tim.o(i.HAL_TIM_Base_Init)
    i.HAL_TIM_Base_MspInit                   0x080020b2   Section        0  stm32f1xx_hal_tim.o(i.HAL_TIM_Base_MspInit)
    i.HAL_TIM_Base_Start_IT                  0x080020b4   Section        0  stm32f1xx_hal_tim.o(i.HAL_TIM_Base_Start_IT)
    i.HAL_TIM_Base_Stop_IT                   0x08002144   Section        0  stm32f1xx_hal_tim.o(i.HAL_TIM_Base_Stop_IT)
    i.HAL_TIM_IC_CaptureCallback             0x08002182   Section        0  stm32f1xx_hal_tim.o(i.HAL_TIM_IC_CaptureCallback)
    i.HAL_TIM_IRQHandler                     0x08002184   Section        0  stm32f1xx_hal_tim.o(i.HAL_TIM_IRQHandler)
    i.HAL_TIM_OC_DelayElapsedCallback        0x0800231a   Section        0  stm32f1xx_hal_tim.o(i.HAL_TIM_OC_DelayElapsedCallback)
    i.HAL_TIM_PWM_ConfigChannel              0x0800231c   Section        0  stm32f1xx_hal_tim.o(i.HAL_TIM_PWM_ConfigChannel)
    i.HAL_TIM_PWM_Init                       0x08002418   Section        0  stm32f1xx_hal_tim.o(i.HAL_TIM_PWM_Init)
    i.HAL_TIM_PWM_MspInit                    0x0800247e   Section        0  stm32f1xx_hal_tim.o(i.HAL_TIM_PWM_MspInit)
    i.HAL_TIM_PWM_PulseFinishedCallback      0x08002480   Section        0  stm32f1xx_hal_tim.o(i.HAL_TIM_PWM_PulseFinishedCallback)
    i.HAL_TIM_PWM_Start                      0x08002484   Section        0  stm32f1xx_hal_tim.o(i.HAL_TIM_PWM_Start)
    i.HAL_TIM_PeriodElapsedCallback          0x08002578   Section        0  forward_motor.o(i.HAL_TIM_PeriodElapsedCallback)
    i.HAL_TIM_TriggerCallback                0x08002640   Section        0  stm32f1xx_hal_tim.o(i.HAL_TIM_TriggerCallback)
    i.HAL_UART_Init                          0x08002642   Section        0  stm32f1xx_hal_uart.o(i.HAL_UART_Init)
    i.HAL_UART_MspInit                       0x080026b4   Section        0  usart.o(i.HAL_UART_MspInit)
    i.HAL_UART_Receive                       0x080028a4   Section        0  stm32f1xx_hal_uart.o(i.HAL_UART_Receive)
    i.HardFault_Handler                      0x0800297c   Section        0  stm32f1xx_it.o(i.HardFault_Handler)
    i.MemManage_Handler                      0x08002980   Section        0  stm32f1xx_it.o(i.MemManage_Handler)
    i.NMI_Handler                            0x08002984   Section        0  stm32f1xx_it.o(i.NMI_Handler)
    i.PendSV_Handler                         0x08002986   Section        0  stm32f1xx_it.o(i.PendSV_Handler)
    i.RCC_Delay                              0x08002988   Section        0  stm32f1xx_hal_rcc.o(i.RCC_Delay)
    RCC_Delay                                0x08002989   Thumb Code    36  stm32f1xx_hal_rcc.o(i.RCC_Delay)
    i.SVC_Handler                            0x080029b0   Section        0  stm32f1xx_it.o(i.SVC_Handler)
    i.SysTick_Handler                        0x080029b2   Section        0  stm32f1xx_it.o(i.SysTick_Handler)
    i.SystemInit                             0x080029ba   Section        0  system_stm32f1xx.o(i.SystemInit)
    i.TIM2_IRQHandler                        0x080029bc   Section        0  forward_motor.o(i.TIM2_IRQHandler)
    i.TIM3_IRQHandler                        0x080029cc   Section        0  convey_motor.o(i.TIM3_IRQHandler)
    i.TIM5_IRQHandler                        0x080029dc   Section        0  lift_motor.o(i.TIM5_IRQHandler)
    i.TIM_Base_SetConfig                     0x080029ec   Section        0  stm32f1xx_hal_tim.o(i.TIM_Base_SetConfig)
    i.TIM_CCxChannelCmd                      0x08002a88   Section        0  stm32f1xx_hal_tim.o(i.TIM_CCxChannelCmd)
    i.TIM_OC1_SetConfig                      0x08002aac   Section        0  stm32f1xx_hal_tim.o(i.TIM_OC1_SetConfig)
    TIM_OC1_SetConfig                        0x08002aad   Thumb Code   104  stm32f1xx_hal_tim.o(i.TIM_OC1_SetConfig)
    i.TIM_OC2_SetConfig                      0x08002b1c   Section        0  stm32f1xx_hal_tim.o(i.TIM_OC2_SetConfig)
    i.TIM_OC3_SetConfig                      0x08002b98   Section        0  stm32f1xx_hal_tim.o(i.TIM_OC3_SetConfig)
    TIM_OC3_SetConfig                        0x08002b99   Thumb Code   112  stm32f1xx_hal_tim.o(i.TIM_OC3_SetConfig)
    i.TIM_OC4_SetConfig                      0x08002c10   Section        0  stm32f1xx_hal_tim.o(i.TIM_OC4_SetConfig)
    TIM_OC4_SetConfig                        0x08002c11   Thumb Code    74  stm32f1xx_hal_tim.o(i.TIM_OC4_SetConfig)
    i.UART_SetConfig                         0x08002c64   Section        0  stm32f1xx_hal_uart.o(i.UART_SetConfig)
    UART_SetConfig                           0x08002c65   Thumb Code   248  stm32f1xx_hal_uart.o(i.UART_SetConfig)
    i.UART_WaitOnFlagUntilTimeout            0x08002d60   Section        0  stm32f1xx_hal_uart.o(i.UART_WaitOnFlagUntilTimeout)
    UART_WaitOnFlagUntilTimeout              0x08002d61   Thumb Code   108  stm32f1xx_hal_uart.o(i.UART_WaitOnFlagUntilTimeout)
    i.USART1_IRQHandler                      0x08002dcc   Section        0  usart.o(i.USART1_IRQHandler)
    i.USART2_IRQHandler                      0x08002e4c   Section        0  esp8266.o(i.USART2_IRQHandler)
    i.UsageFault_Handler                     0x08002e9c   Section        0  stm32f1xx_it.o(i.UsageFault_Handler)
    i.__ARM_fpclassify                       0x08002ea0   Section        0  fpclassify.o(i.__ARM_fpclassify)
    i.__NVIC_GetPriorityGrouping             0x08002ec8   Section        0  stm32f1xx_hal_cortex.o(i.__NVIC_GetPriorityGrouping)
    __NVIC_GetPriorityGrouping               0x08002ec9   Thumb Code    10  stm32f1xx_hal_cortex.o(i.__NVIC_GetPriorityGrouping)
    i.__NVIC_SetPriority                     0x08002ed8   Section        0  stm32f1xx_hal_cortex.o(i.__NVIC_SetPriority)
    __NVIC_SetPriority                       0x08002ed9   Thumb Code    32  stm32f1xx_hal_cortex.o(i.__NVIC_SetPriority)
    i._is_digit                              0x08002f00   Section        0  __printf_wp.o(i._is_digit)
    i._sys_exit                              0x08002f0e   Section        0  usart.o(i._sys_exit)
    i.calculate_motor_pos                    0x08002f14   Section        0  main.o(i.calculate_motor_pos)
    i.convey_motor_init                      0x08002f80   Section        0  convey_motor.o(i.convey_motor_init)
    i.convey_motor_setDirection              0x08003068   Section        0  convey_motor.o(i.convey_motor_setDirection)
    i.convey_motor_setSpeed                  0x080030a0   Section        0  convey_motor.o(i.convey_motor_setSpeed)
    i.convey_motor_start                     0x080030ac   Section        0  convey_motor.o(i.convey_motor_start)
    i.delay_init                             0x080030bc   Section        0  delay.o(i.delay_init)
    i.delay_ms                               0x080030c8   Section        0  delay.o(i.delay_ms)
    i.delay_us                               0x080030dc   Section        0  delay.o(i.delay_us)
    i.forward_motor_init                     0x08003124   Section        0  forward_motor.o(i.forward_motor_init)
    i.forward_motor_setDirection             0x080031d4   Section        0  forward_motor.o(i.forward_motor_setDirection)
    i.forward_motor_setSpeed                 0x080031f4   Section        0  forward_motor.o(i.forward_motor_setSpeed)
    i.forward_motor_start                    0x08003208   Section        0  forward_motor.o(i.forward_motor_start)
    i.forward_motor_stop                     0x08003218   Section        0  forward_motor.o(i.forward_motor_stop)
    i.fputc                                  0x08003254   Section        0  usart.o(i.fputc)
    i.key_init                               0x08003270   Section        0  key.o(i.key_init)
    i.key_reset                              0x080032c4   Section        0  main.o(i.key_reset)
    i.key_scanf                              0x080032f0   Section        0  key.o(i.key_scanf)
    i.led_init                               0x08003358   Section        0  led.o(i.led_init)
    i.lift_forward_motor_detect              0x080033d8   Section        0  main.o(i.lift_forward_motor_detect)
    i.lift_forward_motor_init                0x080034bc   Section        0  main.o(i.lift_forward_motor_init)
    i.lift_motor_init                        0x080035d4   Section        0  lift_motor.o(i.lift_motor_init)
    i.lift_motor_setDirection                0x08003684   Section        0  lift_motor.o(i.lift_motor_setDirection)
    i.lift_motor_setSpeed                    0x080036a4   Section        0  lift_motor.o(i.lift_motor_setSpeed)
    i.lift_motor_start                       0x080036b8   Section        0  lift_motor.o(i.lift_motor_start)
    i.lift_motor_stop                        0x080036c8   Section        0  lift_motor.o(i.lift_motor_stop)
    i.main                                   0x08003704   Section        0  main.o(i.main)
    i.sys_stm32_clock_init                   0x0800381c   Section        0  sys.o(i.sys_stm32_clock_init)
    i.update                                 0x08003884   Section        0  lift_motor.o(i.update)
    i.usart1_init                            0x08003930   Section        0  usart.o(i.usart1_init)
    locale$$code                             0x0800395c   Section       44  lc_numeric_c.o(locale$$code)
    x$fpl$d2f                                0x08003988   Section       98  d2f.o(x$fpl$d2f)
    x$fpl$dcmpinf                            0x080039ea   Section       24  dcmpi.o(x$fpl$dcmpinf)
    x$fpl$dleqf                              0x08003a04   Section      120  dleqf.o(x$fpl$dleqf)
    x$fpl$dnaninf                            0x08003a7c   Section      156  dnaninf.o(x$fpl$dnaninf)
    x$fpl$dretinf                            0x08003b18   Section       12  dretinf.o(x$fpl$dretinf)
    x$fpl$drleqf                             0x08003b24   Section      108  drleqf.o(x$fpl$drleqf)
    x$fpl$f2d                                0x08003b90   Section       86  f2d.o(x$fpl$f2d)
    x$fpl$fadd                               0x08003be8   Section      196  faddsub_clz.o(x$fpl$fadd)
    _fadd1                                   0x08003bf7   Thumb Code     0  faddsub_clz.o(x$fpl$fadd)
    x$fpl$fcmpinf                            0x08003cac   Section       24  fcmpi.o(x$fpl$fcmpinf)
    x$fpl$ffixu                              0x08003cc4   Section       62  ffixu.o(x$fpl$ffixu)
    x$fpl$fleqf                              0x08003d04   Section      104  fleqf.o(x$fpl$fleqf)
    x$fpl$fmul                               0x08003d6c   Section      258  fmul.o(x$fpl$fmul)
    x$fpl$fnaninf                            0x08003e6e   Section      140  fnaninf.o(x$fpl$fnaninf)
    x$fpl$fretinf                            0x08003efa   Section       10  fretinf.o(x$fpl$fretinf)
    x$fpl$fsub                               0x08003f04   Section      234  faddsub_clz.o(x$fpl$fsub)
    _fsub1                                   0x08003f13   Thumb Code     0  faddsub_clz.o(x$fpl$fsub)
    x$fpl$printf1                            0x08003fee   Section        4  printf1.o(x$fpl$printf1)
    .constdata                               0x08003ff2   Section       24  system_stm32f1xx.o(.constdata)
    x$fpl$usenofp                            0x08003ff2   Section        0  usenofp.o(x$fpl$usenofp)
    .constdata                               0x0800400a   Section       16  forward_motor.o(.constdata)
    forward_step_sequence                    0x0800400a   Data          16  forward_motor.o(.constdata)
    .constdata                               0x0800401a   Section       16  lift_motor.o(.constdata)
    lift_step_sequence                       0x0800401a   Data          16  lift_motor.o(.constdata)
    .constdata                               0x0800402a   Section       17  __printf_flags_ss_wp.o(.constdata)
    maptable                                 0x0800402a   Data          17  __printf_flags_ss_wp.o(.constdata)
    .constdata                               0x0800403c   Section      148  bigflt0.o(.constdata)
    tenpwrs_x                                0x0800403c   Data          60  bigflt0.o(.constdata)
    tenpwrs_i                                0x08004078   Data          64  bigflt0.o(.constdata)
    .conststring                             0x080040d0   Section       66  main.o(.conststring)
    locale$$data                             0x08004134   Section       28  lc_numeric_c.o(locale$$data)
    __lcnum_c_name                           0x08004138   Data           2  lc_numeric_c.o(locale$$data)
    __lcnum_c_start                          0x08004140   Data           0  lc_numeric_c.o(locale$$data)
    __lcnum_c_point                          0x0800414c   Data           0  lc_numeric_c.o(locale$$data)
    __lcnum_c_thousands                      0x0800414e   Data           0  lc_numeric_c.o(locale$$data)
    __lcnum_c_grouping                       0x0800414f   Data           0  lc_numeric_c.o(locale$$data)
    __lcnum_c_end                            0x08004150   Data           0  lc_numeric_c.o(locale$$data)
    .data                                    0x20000000   Section     3084  main.o(.data)
    .data                                    0x20000c0c   Section        4  system_stm32f1xx.o(.data)
    .data                                    0x20000c10   Section        4  delay.o(.data)
    g_fac_us                                 0x20000c10   Data           4  delay.o(.data)
    .data                                    0x20000c14   Section       12  usart.o(.data)
    .data                                    0x20000c20   Section        9  stm32f1xx_hal.o(.data)
    .data                                    0x20000c2a   Section        4  esp8266.o(.data)
    .data                                    0x20000c2e   Section        2  forward_motor.o(.data)
    .data                                    0x20000c30   Section        2  lift_motor.o(.data)
    .bss                                     0x20000c34   Section      268  usart.o(.bss)
    .bss                                     0x20000d40   Section      256  esp8266.o(.bss)
    .bss                                     0x20000e40   Section       72  convey_motor.o(.bss)
    .bss                                     0x20000e88   Section       72  forward_motor.o(.bss)
    .bss                                     0x20000ed0   Section       72  lift_motor.o(.bss)
    .bss                                     0x20000f18   Section       96  libspace.o(.bss)
    HEAP                                     0x20000f78   Section      512  startup_stm32f103xe.o(HEAP)
    Heap_Mem                                 0x20000f78   Data         512  startup_stm32f103xe.o(HEAP)
    STACK                                    0x20001178   Section     1024  startup_stm32f103xe.o(STACK)
    Stack_Mem                                0x20001178   Data        1024  startup_stm32f103xe.o(STACK)
    __initial_sp                             0x20001578   Data           0  startup_stm32f103xe.o(STACK)

    Global Symbols

    Symbol Name                              Value     Ov Type        Size  Object(Section)

    BuildAttributes$$THM_ISAv4$P$D$K$B$S$PE$A:L22UL41UL21$X:L11$S22US41US21$IEEE1$IW$USESV6$~STKCKD$USESV7$~SHL$OTIME$ROPI$IEEEJ$EBA8$UX$STANDARDLIB$REQ8$PRES8$EABIv2 0x00000000   Number         0  anon$$obj.o ABSOLUTE
    __ARM_use_no_argv                        0x00000000   Number         0  main.o ABSOLUTE
    _printf_flags                            0x00000000   Number         0  printf_stubs.o ABSOLUTE
    _printf_return_value                     0x00000000   Number         0  printf_stubs.o ABSOLUTE
    _printf_sizespec                         0x00000000   Number         0  printf_stubs.o ABSOLUTE
    _printf_widthprec                        0x00000000   Number         0  printf_stubs.o ABSOLUTE
    __ARM_exceptions_init                     - Undefined Weak Reference
    __alloca_initialize                       - Undefined Weak Reference
    __arm_fini_                               - Undefined Weak Reference
    __arm_preinit_                            - Undefined Weak Reference
    __cpp_initialize__aeabi_                  - Undefined Weak Reference
    __cxa_finalize                            - Undefined Weak Reference
    __sigvec_lookup                           - Undefined Weak Reference
    _atexit_init                              - Undefined Weak Reference
    _call_atexit_fns                          - Undefined Weak Reference
    _clock_init                               - Undefined Weak Reference
    _fp_trap_init                             - Undefined Weak Reference
    _fp_trap_shutdown                         - Undefined Weak Reference
    _get_lc_collate                           - Undefined Weak Reference
    _get_lc_monetary                          - Undefined Weak Reference
    _get_lc_time                              - Undefined Weak Reference
    _getenv_init                              - Undefined Weak Reference
    _handle_redirection                       - Undefined Weak Reference
    _init_alloc                               - Undefined Weak Reference
    _init_user_alloc                          - Undefined Weak Reference
    _initio                                   - Undefined Weak Reference
    _mutex_acquire                            - Undefined Weak Reference
    _mutex_release                            - Undefined Weak Reference
    _printf_mbtowc                            - Undefined Weak Reference
    _printf_wc                                - Undefined Weak Reference
    _rand_init                                - Undefined Weak Reference
    _signal_finish                            - Undefined Weak Reference
    _signal_init                              - Undefined Weak Reference
    _terminate_alloc                          - Undefined Weak Reference
    _terminate_user_alloc                     - Undefined Weak Reference
    _terminateio                              - Undefined Weak Reference
    __Vectors_Size                           0x00000130   Number         0  startup_stm32f103xe.o ABSOLUTE
    __Vectors                                0x08000000   Data           4  startup_stm32f103xe.o(RESET)
    __Vectors_End                            0x08000130   Data           0  startup_stm32f103xe.o(RESET)
    __main                                   0x08000131   Thumb Code     8  __main.o(!!!main)
    __scatterload                            0x08000139   Thumb Code     0  __scatter.o(!!!scatter)
    __scatterload_rt2                        0x08000139   Thumb Code    44  __scatter.o(!!!scatter)
    __scatterload_rt2_thumb_only             0x08000139   Thumb Code     0  __scatter.o(!!!scatter)
    __scatterload_null                       0x08000147   Thumb Code     0  __scatter.o(!!!scatter)
    __decompress                             0x0800016d   Thumb Code   100  __dclz77c.o(!!dclz77c)
    __decompress2                            0x0800016d   Thumb Code     0  __dclz77c.o(!!dclz77c)
    __scatterload_zeroinit                   0x080001d1   Thumb Code    28  __scatter_zi.o(!!handler_zi)
    _printf_f                                0x080001ed   Thumb Code     0  _printf_f.o(.ARM.Collect$$_printf_percent$$00000003)
    _printf_percent                          0x080001ed   Thumb Code     0  _printf_percent.o(.ARM.Collect$$_printf_percent$$00000000)
    _printf_d                                0x080001f3   Thumb Code     0  _printf_d.o(.ARM.Collect$$_printf_percent$$00000009)
    _printf_percent_end                      0x080001f9   Thumb Code     0  _printf_percent_end.o(.ARM.Collect$$_printf_percent$$00000017)
    __rt_lib_init                            0x080001fd   Thumb Code     0  libinit.o(.ARM.Collect$$libinit$$00000000)
    __rt_lib_init_fp_1                       0x080001ff   Thumb Code     0  libinit2.o(.ARM.Collect$$libinit$$00000002)
    __rt_lib_init_heap_1                     0x080001ff   Thumb Code     0  libinit2.o(.ARM.Collect$$libinit$$0000000A)
    __rt_lib_init_lc_common                  0x080001ff   Thumb Code     0  libinit2.o(.ARM.Collect$$libinit$$0000000F)
    __rt_lib_init_preinit_1                  0x080001ff   Thumb Code     0  libinit2.o(.ARM.Collect$$libinit$$00000004)
    __rt_lib_init_rand_1                     0x080001ff   Thumb Code     0  libinit2.o(.ARM.Collect$$libinit$$0000000E)
    __rt_lib_init_user_alloc_1               0x080001ff   Thumb Code     0  libinit2.o(.ARM.Collect$$libinit$$0000000C)
    __rt_lib_init_lc_collate_1               0x08000205   Thumb Code     0  libinit2.o(.ARM.Collect$$libinit$$00000011)
    __rt_lib_init_lc_ctype_1                 0x08000205   Thumb Code     0  libinit2.o(.ARM.Collect$$libinit$$00000013)
    __rt_lib_init_lc_monetary_1              0x08000205   Thumb Code     0  libinit2.o(.ARM.Collect$$libinit$$00000015)
    __rt_lib_init_lc_numeric_2               0x08000205   Thumb Code     0  libinit2.o(.ARM.Collect$$libinit$$00000016)
    __rt_lib_init_alloca_1                   0x0800020f   Thumb Code     0  libinit2.o(.ARM.Collect$$libinit$$0000002E)
    __rt_lib_init_argv_1                     0x0800020f   Thumb Code     0  libinit2.o(.ARM.Collect$$libinit$$0000002C)
    __rt_lib_init_atexit_1                   0x0800020f   Thumb Code     0  libinit2.o(.ARM.Collect$$libinit$$0000001B)
    __rt_lib_init_clock_1                    0x0800020f   Thumb Code     0  libinit2.o(.ARM.Collect$$libinit$$00000021)
    __rt_lib_init_cpp_1                      0x0800020f   Thumb Code     0  libinit2.o(.ARM.Collect$$libinit$$00000032)
    __rt_lib_init_exceptions_1               0x0800020f   Thumb Code     0  libinit2.o(.ARM.Collect$$libinit$$00000030)
    __rt_lib_init_fp_trap_1                  0x0800020f   Thumb Code     0  libinit2.o(.ARM.Collect$$libinit$$0000001F)
    __rt_lib_init_getenv_1                   0x0800020f   Thumb Code     0  libinit2.o(.ARM.Collect$$libinit$$00000023)
    __rt_lib_init_lc_numeric_1               0x0800020f   Thumb Code     0  libinit2.o(.ARM.Collect$$libinit$$00000017)
    __rt_lib_init_lc_time_1                  0x0800020f   Thumb Code     0  libinit2.o(.ARM.Collect$$libinit$$00000019)
    __rt_lib_init_return                     0x0800020f   Thumb Code     0  libinit2.o(.ARM.Collect$$libinit$$00000033)
    __rt_lib_init_signal_1                   0x0800020f   Thumb Code     0  libinit2.o(.ARM.Collect$$libinit$$0000001D)
    __rt_lib_init_stdio_1                    0x0800020f   Thumb Code     0  libinit2.o(.ARM.Collect$$libinit$$00000025)
    __rt_lib_shutdown                        0x08000211   Thumb Code     0  libshutdown.o(.ARM.Collect$$libshutdown$$00000000)
    __rt_lib_shutdown_cpp_1                  0x08000213   Thumb Code     0  libshutdown2.o(.ARM.Collect$$libshutdown$$00000004)
    __rt_lib_shutdown_fini_1                 0x08000213   Thumb Code     0  libshutdown2.o(.ARM.Collect$$libshutdown$$00000002)
    __rt_lib_shutdown_fp_trap_1              0x08000213   Thumb Code     0  libshutdown2.o(.ARM.Collect$$libshutdown$$00000009)
    __rt_lib_shutdown_heap_1                 0x08000213   Thumb Code     0  libshutdown2.o(.ARM.Collect$$libshutdown$$00000011)
    __rt_lib_shutdown_return                 0x08000213   Thumb Code     0  libshutdown2.o(.ARM.Collect$$libshutdown$$00000012)
    __rt_lib_shutdown_signal_1               0x08000213   Thumb Code     0  libshutdown2.o(.ARM.Collect$$libshutdown$$0000000C)
    __rt_lib_shutdown_stdio_1                0x08000213   Thumb Code     0  libshutdown2.o(.ARM.Collect$$libshutdown$$00000006)
    __rt_lib_shutdown_user_alloc_1           0x08000213   Thumb Code     0  libshutdown2.o(.ARM.Collect$$libshutdown$$0000000E)
    __rt_entry                               0x08000215   Thumb Code     0  __rtentry.o(.ARM.Collect$$rtentry$$00000000)
    __rt_entry_presh_1                       0x08000215   Thumb Code     0  __rtentry2.o(.ARM.Collect$$rtentry$$00000002)
    __rt_entry_sh                            0x08000215   Thumb Code     0  __rtentry4.o(.ARM.Collect$$rtentry$$00000004)
    __rt_entry_li                            0x0800021b   Thumb Code     0  __rtentry2.o(.ARM.Collect$$rtentry$$0000000A)
    __rt_entry_postsh_1                      0x0800021b   Thumb Code     0  __rtentry2.o(.ARM.Collect$$rtentry$$00000009)
    __rt_entry_main                          0x0800021f   Thumb Code     0  __rtentry2.o(.ARM.Collect$$rtentry$$0000000D)
    __rt_entry_postli_1                      0x0800021f   Thumb Code     0  __rtentry2.o(.ARM.Collect$$rtentry$$0000000C)
    __rt_exit                                0x08000227   Thumb Code     0  rtexit.o(.ARM.Collect$$rtexit$$00000000)
    __rt_exit_ls                             0x08000229   Thumb Code     0  rtexit2.o(.ARM.Collect$$rtexit$$00000003)
    __rt_exit_prels_1                        0x08000229   Thumb Code     0  rtexit2.o(.ARM.Collect$$rtexit$$00000002)
    __rt_exit_exit                           0x0800022d   Thumb Code     0  rtexit2.o(.ARM.Collect$$rtexit$$00000004)
    Reset_Handler                            0x08000235   Thumb Code     8  startup_stm32f103xe.o(.text)
    ADC1_2_IRQHandler                        0x0800024f   Thumb Code     0  startup_stm32f103xe.o(.text)
    ADC3_IRQHandler                          0x0800024f   Thumb Code     0  startup_stm32f103xe.o(.text)
    CAN1_RX1_IRQHandler                      0x0800024f   Thumb Code     0  startup_stm32f103xe.o(.text)
    CAN1_SCE_IRQHandler                      0x0800024f   Thumb Code     0  startup_stm32f103xe.o(.text)
    DMA1_Channel1_IRQHandler                 0x0800024f   Thumb Code     0  startup_stm32f103xe.o(.text)
    DMA1_Channel2_IRQHandler                 0x0800024f   Thumb Code     0  startup_stm32f103xe.o(.text)
    DMA1_Channel3_IRQHandler                 0x0800024f   Thumb Code     0  startup_stm32f103xe.o(.text)
    DMA1_Channel4_IRQHandler                 0x0800024f   Thumb Code     0  startup_stm32f103xe.o(.text)
    DMA1_Channel5_IRQHandler                 0x0800024f   Thumb Code     0  startup_stm32f103xe.o(.text)
    DMA1_Channel6_IRQHandler                 0x0800024f   Thumb Code     0  startup_stm32f103xe.o(.text)
    DMA1_Channel7_IRQHandler                 0x0800024f   Thumb Code     0  startup_stm32f103xe.o(.text)
    DMA2_Channel1_IRQHandler                 0x0800024f   Thumb Code     0  startup_stm32f103xe.o(.text)
    DMA2_Channel2_IRQHandler                 0x0800024f   Thumb Code     0  startup_stm32f103xe.o(.text)
    DMA2_Channel3_IRQHandler                 0x0800024f   Thumb Code     0  startup_stm32f103xe.o(.text)
    DMA2_Channel4_5_IRQHandler               0x0800024f   Thumb Code     0  startup_stm32f103xe.o(.text)
    EXTI0_IRQHandler                         0x0800024f   Thumb Code     0  startup_stm32f103xe.o(.text)
    EXTI15_10_IRQHandler                     0x0800024f   Thumb Code     0  startup_stm32f103xe.o(.text)
    EXTI1_IRQHandler                         0x0800024f   Thumb Code     0  startup_stm32f103xe.o(.text)
    EXTI2_IRQHandler                         0x0800024f   Thumb Code     0  startup_stm32f103xe.o(.text)
    EXTI3_IRQHandler                         0x0800024f   Thumb Code     0  startup_stm32f103xe.o(.text)
    EXTI4_IRQHandler                         0x0800024f   Thumb Code     0  startup_stm32f103xe.o(.text)
    EXTI9_5_IRQHandler                       0x0800024f   Thumb Code     0  startup_stm32f103xe.o(.text)
    FLASH_IRQHandler                         0x0800024f   Thumb Code     0  startup_stm32f103xe.o(.text)
    FSMC_IRQHandler                          0x0800024f   Thumb Code     0  startup_stm32f103xe.o(.text)
    I2C1_ER_IRQHandler                       0x0800024f   Thumb Code     0  startup_stm32f103xe.o(.text)
    I2C1_EV_IRQHandler                       0x0800024f   Thumb Code     0  startup_stm32f103xe.o(.text)
    I2C2_ER_IRQHandler                       0x0800024f   Thumb Code     0  startup_stm32f103xe.o(.text)
    I2C2_EV_IRQHandler                       0x0800024f   Thumb Code     0  startup_stm32f103xe.o(.text)
    PVD_IRQHandler                           0x0800024f   Thumb Code     0  startup_stm32f103xe.o(.text)
    RCC_IRQHandler                           0x0800024f   Thumb Code     0  startup_stm32f103xe.o(.text)
    RTC_Alarm_IRQHandler                     0x0800024f   Thumb Code     0  startup_stm32f103xe.o(.text)
    RTC_IRQHandler                           0x0800024f   Thumb Code     0  startup_stm32f103xe.o(.text)
    SDIO_IRQHandler                          0x0800024f   Thumb Code     0  startup_stm32f103xe.o(.text)
    SPI1_IRQHandler                          0x0800024f   Thumb Code     0  startup_stm32f103xe.o(.text)
    SPI2_IRQHandler                          0x0800024f   Thumb Code     0  startup_stm32f103xe.o(.text)
    SPI3_IRQHandler                          0x0800024f   Thumb Code     0  startup_stm32f103xe.o(.text)
    TAMPER_IRQHandler                        0x0800024f   Thumb Code     0  startup_stm32f103xe.o(.text)
    TIM1_BRK_IRQHandler                      0x0800024f   Thumb Code     0  startup_stm32f103xe.o(.text)
    TIM1_CC_IRQHandler                       0x0800024f   Thumb Code     0  startup_stm32f103xe.o(.text)
    TIM1_TRG_COM_IRQHandler                  0x0800024f   Thumb Code     0  startup_stm32f103xe.o(.text)
    TIM1_UP_IRQHandler                       0x0800024f   Thumb Code     0  startup_stm32f103xe.o(.text)
    TIM4_IRQHandler                          0x0800024f   Thumb Code     0  startup_stm32f103xe.o(.text)
    TIM6_IRQHandler                          0x0800024f   Thumb Code     0  startup_stm32f103xe.o(.text)
    TIM7_IRQHandler                          0x0800024f   Thumb Code     0  startup_stm32f103xe.o(.text)
    TIM8_BRK_IRQHandler                      0x0800024f   Thumb Code     0  startup_stm32f103xe.o(.text)
    TIM8_CC_IRQHandler                       0x0800024f   Thumb Code     0  startup_stm32f103xe.o(.text)
    TIM8_TRG_COM_IRQHandler                  0x0800024f   Thumb Code     0  startup_stm32f103xe.o(.text)
    TIM8_UP_IRQHandler                       0x0800024f   Thumb Code     0  startup_stm32f103xe.o(.text)
    UART4_IRQHandler                         0x0800024f   Thumb Code     0  startup_stm32f103xe.o(.text)
    UART5_IRQHandler                         0x0800024f   Thumb Code     0  startup_stm32f103xe.o(.text)
    USART3_IRQHandler                        0x0800024f   Thumb Code     0  startup_stm32f103xe.o(.text)
    USBWakeUp_IRQHandler                     0x0800024f   Thumb Code     0  startup_stm32f103xe.o(.text)
    USB_HP_CAN1_TX_IRQHandler                0x0800024f   Thumb Code     0  startup_stm32f103xe.o(.text)
    USB_LP_CAN1_RX0_IRQHandler               0x0800024f   Thumb Code     0  startup_stm32f103xe.o(.text)
    WWDG_IRQHandler                          0x0800024f   Thumb Code     0  startup_stm32f103xe.o(.text)
    __user_initial_stackheap                 0x08000251   Thumb Code     0  startup_stm32f103xe.o(.text)
    __use_no_semihosting                     0x08000275   Thumb Code     2  use_no_semi_2.o(.text)
    __2printf                                0x08000279   Thumb Code    20  __2printf.o(.text)
    _printf_int_dec                          0x08000291   Thumb Code   104  _printf_dec.o(.text)
    __printf                                 0x08000309   Thumb Code   388  __printf_flags_ss_wp.o(.text)
    __aeabi_memclr4                          0x08000491   Thumb Code     0  rt_memclr_w.o(.text)
    __aeabi_memclr8                          0x08000491   Thumb Code     0  rt_memclr_w.o(.text)
    __rt_memclr_w                            0x08000491   Thumb Code    78  rt_memclr_w.o(.text)
    _memset_w                                0x08000495   Thumb Code     0  rt_memclr_w.o(.text)
    __use_two_region_memory                  0x080004df   Thumb Code     2  heapauxi.o(.text)
    __rt_heap_escrow$2region                 0x080004e1   Thumb Code     2  heapauxi.o(.text)
    __rt_heap_expand$2region                 0x080004e3   Thumb Code     2  heapauxi.o(.text)
    __semihosting$guard                      0x080004e5   Thumb Code     0  use_no_semi.o(.text)
    __use_no_semihosting_swi                 0x080004e5   Thumb Code     2  use_no_semi.o(.text)
    _printf_int_common                       0x080004e7   Thumb Code   178  _printf_intcommon.o(.text)
    __lib_sel_fp_printf                      0x08000599   Thumb Code     2  _printf_fp_dec.o(.text)
    _printf_fp_dec_real                      0x0800074b   Thumb Code   620  _printf_fp_dec.o(.text)
    _printf_char_common                      0x080009c3   Thumb Code    32  _printf_char_common.o(.text)
    _printf_char_file                        0x080009e9   Thumb Code    32  _printf_char_file.o(.text)
    __rt_locale                              0x08000a0d   Thumb Code     8  rt_locale_intlibspace.o(.text)
    _ll_udiv10                               0x08000a15   Thumb Code   138  lludiv10.o(.text)
    _printf_fp_infnan                        0x08000aa1   Thumb Code   112  _printf_fp_infnan.o(.text)
    _btod_etento                             0x08000b21   Thumb Code   224  bigflt0.o(.text)
    ferror                                   0x08000c05   Thumb Code     8  ferror.o(.text)
    __user_libspace                          0x08000c0d   Thumb Code     8  libspace.o(.text)
    __user_perproc_libspace                  0x08000c0d   Thumb Code     0  libspace.o(.text)
    __user_perthread_libspace                0x08000c0d   Thumb Code     0  libspace.o(.text)
    __user_setup_stackheap                   0x08000c15   Thumb Code    74  sys_stackheap_outer.o(.text)
    exit                                     0x08000c5f   Thumb Code    18  exit.o(.text)
    strcmp                                   0x08000c71   Thumb Code   128  strcmpv7m.o(.text)
    _btod_d2e                                0x08000cf1   Thumb Code    62  btod.o(CL$$btod_d2e)
    _d2e_denorm_low                          0x08000d2f   Thumb Code    70  btod.o(CL$$btod_d2e_denorm_low)
    _d2e_norm_op1                            0x08000d75   Thumb Code    96  btod.o(CL$$btod_d2e_norm_op1)
    __btod_div_common                        0x08000dd5   Thumb Code   696  btod.o(CL$$btod_div_common)
    _e2e                                     0x0800110d   Thumb Code   220  btod.o(CL$$btod_e2e)
    _btod_ediv                               0x080011e9   Thumb Code    42  btod.o(CL$$btod_ediv)
    _btod_emul                               0x08001213   Thumb Code    42  btod.o(CL$$btod_emul)
    __btod_mult_common                       0x0800123d   Thumb Code   580  btod.o(CL$$btod_mult_common)
    BusFault_Handler                         0x08001481   Thumb Code     4  stm32f1xx_it.o(i.BusFault_Handler)
    DebugMon_Handler                         0x08001485   Thumb Code     2  stm32f1xx_it.o(i.DebugMon_Handler)
    HAL_GPIO_Init                            0x08001489   Thumb Code   792  stm32f1xx_hal_gpio.o(i.HAL_GPIO_Init)
    HAL_GPIO_ReadPin                         0x080017c9   Thumb Code    16  stm32f1xx_hal_gpio.o(i.HAL_GPIO_ReadPin)
    HAL_GPIO_WritePin                        0x080017d9   Thumb Code    12  stm32f1xx_hal_gpio.o(i.HAL_GPIO_WritePin)
    HAL_GetTick                              0x080017e5   Thumb Code     6  stm32f1xx_hal.o(i.HAL_GetTick)
    HAL_IncTick                              0x080017f1   Thumb Code    16  stm32f1xx_hal.o(i.HAL_IncTick)
    HAL_Init                                 0x08001809   Thumb Code    34  stm32f1xx_hal.o(i.HAL_Init)
    HAL_InitTick                             0x08001831   Thumb Code    64  stm32f1xx_hal.o(i.HAL_InitTick)
    HAL_MspInit                              0x0800187d   Thumb Code     2  stm32f1xx_hal.o(i.HAL_MspInit)
    HAL_NVIC_EnableIRQ                       0x0800187f   Thumb Code    32  stm32f1xx_hal_cortex.o(i.HAL_NVIC_EnableIRQ)
    HAL_NVIC_SetPriority                     0x0800189f   Thumb Code   124  stm32f1xx_hal_cortex.o(i.HAL_NVIC_SetPriority)
    HAL_NVIC_SetPriorityGrouping             0x0800191d   Thumb Code    32  stm32f1xx_hal_cortex.o(i.HAL_NVIC_SetPriorityGrouping)
    HAL_RCC_ClockConfig                      0x08001945   Thumb Code   376  stm32f1xx_hal_rcc.o(i.HAL_RCC_ClockConfig)
    HAL_RCC_GetHCLKFreq                      0x08001ad1   Thumb Code     6  stm32f1xx_hal_rcc.o(i.HAL_RCC_GetHCLKFreq)
    HAL_RCC_GetPCLK1Freq                     0x08001add   Thumb Code    22  stm32f1xx_hal_rcc.o(i.HAL_RCC_GetPCLK1Freq)
    HAL_RCC_GetPCLK2Freq                     0x08001afd   Thumb Code    22  stm32f1xx_hal_rcc.o(i.HAL_RCC_GetPCLK2Freq)
    HAL_RCC_GetSysClockFreq                  0x08001b1d   Thumb Code   116  stm32f1xx_hal_rcc.o(i.HAL_RCC_GetSysClockFreq)
    HAL_RCC_OscConfig                        0x08001bb1   Thumb Code  1114  stm32f1xx_hal_rcc.o(i.HAL_RCC_OscConfig)
    HAL_SYSTICK_Config                       0x08002015   Thumb Code    52  stm32f1xx_hal_cortex.o(i.HAL_SYSTICK_Config)
    HAL_TIMEx_BreakCallback                  0x08002049   Thumb Code     2  stm32f1xx_hal_tim_ex.o(i.HAL_TIMEx_BreakCallback)
    HAL_TIMEx_CommutCallback                 0x0800204b   Thumb Code     2  stm32f1xx_hal_tim_ex.o(i.HAL_TIMEx_CommutCallback)
    HAL_TIM_Base_Init                        0x0800204d   Thumb Code   102  stm32f1xx_hal_tim.o(i.HAL_TIM_Base_Init)
    HAL_TIM_Base_MspInit                     0x080020b3   Thumb Code     2  stm32f1xx_hal_tim.o(i.HAL_TIM_Base_MspInit)
    HAL_TIM_Base_Start_IT                    0x080020b5   Thumb Code   122  stm32f1xx_hal_tim.o(i.HAL_TIM_Base_Start_IT)
    HAL_TIM_Base_Stop_IT                     0x08002145   Thumb Code    62  stm32f1xx_hal_tim.o(i.HAL_TIM_Base_Stop_IT)
    HAL_TIM_IC_CaptureCallback               0x08002183   Thumb Code     2  stm32f1xx_hal_tim.o(i.HAL_TIM_IC_CaptureCallback)
    HAL_TIM_IRQHandler                       0x08002185   Thumb Code   406  stm32f1xx_hal_tim.o(i.HAL_TIM_IRQHandler)
    HAL_TIM_OC_DelayElapsedCallback          0x0800231b   Thumb Code     2  stm32f1xx_hal_tim.o(i.HAL_TIM_OC_DelayElapsedCallback)
    HAL_TIM_PWM_ConfigChannel                0x0800231d   Thumb Code   252  stm32f1xx_hal_tim.o(i.HAL_TIM_PWM_ConfigChannel)
    HAL_TIM_PWM_Init                         0x08002419   Thumb Code   102  stm32f1xx_hal_tim.o(i.HAL_TIM_PWM_Init)
    HAL_TIM_PWM_MspInit                      0x0800247f   Thumb Code     2  stm32f1xx_hal_tim.o(i.HAL_TIM_PWM_MspInit)
    HAL_TIM_PWM_PulseFinishedCallback        0x08002481   Thumb Code     2  stm32f1xx_hal_tim.o(i.HAL_TIM_PWM_PulseFinishedCallback)
    HAL_TIM_PWM_Start                        0x08002485   Thumb Code   222  stm32f1xx_hal_tim.o(i.HAL_TIM_PWM_Start)
    HAL_TIM_PeriodElapsedCallback            0x08002579   Thumb Code   180  forward_motor.o(i.HAL_TIM_PeriodElapsedCallback)
    HAL_TIM_TriggerCallback                  0x08002641   Thumb Code     2  stm32f1xx_hal_tim.o(i.HAL_TIM_TriggerCallback)
    HAL_UART_Init                            0x08002643   Thumb Code   114  stm32f1xx_hal_uart.o(i.HAL_UART_Init)
    HAL_UART_MspInit                         0x080026b5   Thumb Code   470  usart.o(i.HAL_UART_MspInit)
    HAL_UART_Receive                         0x080028a5   Thumb Code   216  stm32f1xx_hal_uart.o(i.HAL_UART_Receive)
    HardFault_Handler                        0x0800297d   Thumb Code     4  stm32f1xx_it.o(i.HardFault_Handler)
    MemManage_Handler                        0x08002981   Thumb Code     4  stm32f1xx_it.o(i.MemManage_Handler)
    NMI_Handler                              0x08002985   Thumb Code     2  stm32f1xx_it.o(i.NMI_Handler)
    PendSV_Handler                           0x08002987   Thumb Code     2  stm32f1xx_it.o(i.PendSV_Handler)
    SVC_Handler                              0x080029b1   Thumb Code     2  stm32f1xx_it.o(i.SVC_Handler)
    SysTick_Handler                          0x080029b3   Thumb Code     8  stm32f1xx_it.o(i.SysTick_Handler)
    SystemInit                               0x080029bb   Thumb Code     2  system_stm32f1xx.o(i.SystemInit)
    TIM2_IRQHandler                          0x080029bd   Thumb Code    10  forward_motor.o(i.TIM2_IRQHandler)
    TIM3_IRQHandler                          0x080029cd   Thumb Code    10  convey_motor.o(i.TIM3_IRQHandler)
    TIM5_IRQHandler                          0x080029dd   Thumb Code    10  lift_motor.o(i.TIM5_IRQHandler)
    TIM_Base_SetConfig                       0x080029ed   Thumb Code   134  stm32f1xx_hal_tim.o(i.TIM_Base_SetConfig)
    TIM_CCxChannelCmd                        0x08002a89   Thumb Code    34  stm32f1xx_hal_tim.o(i.TIM_CCxChannelCmd)
    TIM_OC2_SetConfig                        0x08002b1d   Thumb Code   114  stm32f1xx_hal_tim.o(i.TIM_OC2_SetConfig)
    USART1_IRQHandler                        0x08002dcd   Thumb Code   112  usart.o(i.USART1_IRQHandler)
    USART2_IRQHandler                        0x08002e4d   Thumb Code    68  esp8266.o(i.USART2_IRQHandler)
    UsageFault_Handler                       0x08002e9d   Thumb Code     4  stm32f1xx_it.o(i.UsageFault_Handler)
    __ARM_fpclassify                         0x08002ea1   Thumb Code    40  fpclassify.o(i.__ARM_fpclassify)
    _is_digit                                0x08002f01   Thumb Code    14  __printf_wp.o(i._is_digit)
    _sys_exit                                0x08002f0f   Thumb Code     4  usart.o(i._sys_exit)
    calculate_motor_pos                      0x08002f15   Thumb Code   102  main.o(i.calculate_motor_pos)
    convey_motor_init                        0x08002f81   Thumb Code   210  convey_motor.o(i.convey_motor_init)
    convey_motor_setDirection                0x08003069   Thumb Code    50  convey_motor.o(i.convey_motor_setDirection)
    convey_motor_setSpeed                    0x080030a1   Thumb Code     8  convey_motor.o(i.convey_motor_setSpeed)
    convey_motor_start                       0x080030ad   Thumb Code    12  convey_motor.o(i.convey_motor_start)
    delay_init                               0x080030bd   Thumb Code     6  delay.o(i.delay_init)
    delay_ms                                 0x080030c9   Thumb Code    18  delay.o(i.delay_ms)
    delay_us                                 0x080030dd   Thumb Code    68  delay.o(i.delay_us)
    forward_motor_init                       0x08003125   Thumb Code   162  forward_motor.o(i.forward_motor_init)
    forward_motor_setDirection               0x080031d5   Thumb Code    28  forward_motor.o(i.forward_motor_setDirection)
    forward_motor_setSpeed                   0x080031f5   Thumb Code    16  forward_motor.o(i.forward_motor_setSpeed)
    forward_motor_start                      0x08003209   Thumb Code    10  forward_motor.o(i.forward_motor_start)
    forward_motor_stop                       0x08003219   Thumb Code    50  forward_motor.o(i.forward_motor_stop)
    fputc                                    0x08003255   Thumb Code    24  usart.o(i.fputc)
    key_init                                 0x08003271   Thumb Code    76  key.o(i.key_init)
    key_reset                                0x080032c5   Thumb Code    38  main.o(i.key_reset)
    key_scanf                                0x080032f1   Thumb Code   100  key.o(i.key_scanf)
    led_init                                 0x08003359   Thumb Code   114  led.o(i.led_init)
    lift_forward_motor_detect                0x080033d9   Thumb Code   198  main.o(i.lift_forward_motor_detect)
    lift_forward_motor_init                  0x080034bd   Thumb Code   194  main.o(i.lift_forward_motor_init)
    lift_motor_init                          0x080035d5   Thumb Code   160  lift_motor.o(i.lift_motor_init)
    lift_motor_setDirection                  0x08003685   Thumb Code    28  lift_motor.o(i.lift_motor_setDirection)
    lift_motor_setSpeed                      0x080036a5   Thumb Code    16  lift_motor.o(i.lift_motor_setSpeed)
    lift_motor_start                         0x080036b9   Thumb Code    10  lift_motor.o(i.lift_motor_start)
    lift_motor_stop                          0x080036c9   Thumb Code    50  lift_motor.o(i.lift_motor_stop)
    main                                     0x08003705   Thumb Code   160  main.o(i.main)
    sys_stm32_clock_init                     0x0800381d   Thumb Code   102  sys.o(i.sys_stm32_clock_init)
    update                                   0x08003885   Thumb Code   156  lift_motor.o(i.update)
    usart1_init                              0x08003931   Thumb Code    34  usart.o(i.usart1_init)
    _get_lc_numeric                          0x0800395d   Thumb Code    44  lc_numeric_c.o(locale$$code)
    __aeabi_d2f                              0x08003989   Thumb Code     0  d2f.o(x$fpl$d2f)
    _d2f                                     0x08003989   Thumb Code    98  d2f.o(x$fpl$d2f)
    __fpl_dcmp_Inf                           0x080039eb   Thumb Code    24  dcmpi.o(x$fpl$dcmpinf)
    __aeabi_cdcmple                          0x08003a05   Thumb Code     0  dleqf.o(x$fpl$dleqf)
    _dcmple                                  0x08003a05   Thumb Code   120  dleqf.o(x$fpl$dleqf)
    __fpl_dcmple_InfNaN                      0x08003a67   Thumb Code     0  dleqf.o(x$fpl$dleqf)
    __fpl_dnaninf                            0x08003a7d   Thumb Code   156  dnaninf.o(x$fpl$dnaninf)
    __fpl_dretinf                            0x08003b19   Thumb Code    12  dretinf.o(x$fpl$dretinf)
    __aeabi_cdrcmple                         0x08003b25   Thumb Code     0  drleqf.o(x$fpl$drleqf)
    _drcmple                                 0x08003b25   Thumb Code   108  drleqf.o(x$fpl$drleqf)
    __aeabi_f2d                              0x08003b91   Thumb Code     0  f2d.o(x$fpl$f2d)
    _f2d                                     0x08003b91   Thumb Code    86  f2d.o(x$fpl$f2d)
    __aeabi_fadd                             0x08003be9   Thumb Code     0  faddsub_clz.o(x$fpl$fadd)
    _fadd                                    0x08003be9   Thumb Code   196  faddsub_clz.o(x$fpl$fadd)
    __fpl_fcmp_Inf                           0x08003cad   Thumb Code    24  fcmpi.o(x$fpl$fcmpinf)
    __aeabi_f2uiz                            0x08003cc5   Thumb Code     0  ffixu.o(x$fpl$ffixu)
    _ffixu                                   0x08003cc5   Thumb Code    62  ffixu.o(x$fpl$ffixu)
    __aeabi_cfcmple                          0x08003d05   Thumb Code     0  fleqf.o(x$fpl$fleqf)
    _fcmple                                  0x08003d05   Thumb Code   104  fleqf.o(x$fpl$fleqf)
    __fpl_fcmple_InfNaN                      0x08003d57   Thumb Code     0  fleqf.o(x$fpl$fleqf)
    __aeabi_fmul                             0x08003d6d   Thumb Code     0  fmul.o(x$fpl$fmul)
    _fmul                                    0x08003d6d   Thumb Code   258  fmul.o(x$fpl$fmul)
    __fpl_fnaninf                            0x08003e6f   Thumb Code   140  fnaninf.o(x$fpl$fnaninf)
    __fpl_fretinf                            0x08003efb   Thumb Code    10  fretinf.o(x$fpl$fretinf)
    __aeabi_fsub                             0x08003f05   Thumb Code     0  faddsub_clz.o(x$fpl$fsub)
    _fsub                                    0x08003f05   Thumb Code   234  faddsub_clz.o(x$fpl$fsub)
    _printf_fp_dec                           0x08003fef   Thumb Code     4  printf1.o(x$fpl$printf1)
    AHBPrescTable                            0x08003ff2   Data          16  system_stm32f1xx.o(.constdata)
    __I$use$fp                               0x08003ff2   Number         0  usenofp.o(x$fpl$usenofp)
    APBPrescTable                            0x08004002   Data           8  system_stm32f1xx.o(.constdata)
    Region$$Table$$Base                      0x08004114   Number         0  anon$$obj.o(Region$$Table)
    Region$$Table$$Limit                     0x08004134   Number         0  anon$$obj.o(Region$$Table)
    BMP1                                     0x20000000   Data        1024  main.o(.data)
    BMP2                                     0x20000400   Data        1024  main.o(.data)
    bmp3                                     0x20000800   Data        1024  main.o(.data)
    forward_current_pos                      0x20000c00   Data           4  main.o(.data)
    lift_current_pos                         0x20000c04   Data           4  main.o(.data)
    lift_dir                                 0x20000c08   Data           1  main.o(.data)
    forward_dir                              0x20000c09   Data           1  main.o(.data)
    key_cnt                                  0x20000c0a   Data           1  main.o(.data)
    key                                      0x20000c0b   Data           1  main.o(.data)
    SystemCoreClock                          0x20000c0c   Data           4  system_stm32f1xx.o(.data)
    __stdout                                 0x20000c14   Data           4  usart.o(.data)
    usart1_rx_len                            0x20000c18   Data           2  usart.o(.data)
    rx_flag                                  0x20000c1c   Data           4  usart.o(.data)
    uwTick                                   0x20000c20   Data           4  stm32f1xx_hal.o(.data)
    uwTickPrio                               0x20000c24   Data           4  stm32f1xx_hal.o(.data)
    uwTickFreq                               0x20000c28   Data           1  stm32f1xx_hal.o(.data)
    esp8266_cnt                              0x20000c2a   Data           2  esp8266.o(.data)
    esp8266_cntPre                           0x20000c2c   Data           2  esp8266.o(.data)
    forward_direction                        0x20000c2e   Data           1  forward_motor.o(.data)
    forward_motor_current_step               0x20000c2f   Data           1  forward_motor.o(.data)
    lift_direction                           0x20000c30   Data           1  lift_motor.o(.data)
    lift_motor_current_step                  0x20000c31   Data           1  lift_motor.o(.data)
    usart1_rx_buf                            0x20000c34   Data         128  usart.o(.bss)
    usart1_temp                              0x20000cb4   Data          10  usart.o(.bss)
    usart1_tx_buf                            0x20000cbe   Data          64  usart.o(.bss)
    g_uart1_handle                           0x20000d00   Data          64  usart.o(.bss)
    esp8266_rx_buf                           0x20000d40   Data         128  esp8266.o(.bss)
    esp8266_tx_buf                           0x20000dc0   Data          64  esp8266.o(.bss)
    esp8266_handle                           0x20000e00   Data          64  esp8266.o(.bss)
    htim3                                    0x20000e40   Data          72  convey_motor.o(.bss)
    htim2                                    0x20000e88   Data          72  forward_motor.o(.bss)
    htim5                                    0x20000ed0   Data          72  lift_motor.o(.bss)
    __libspace_start                         0x20000f18   Data          96  libspace.o(.bss)
    __temporary_stack_top$libspace           0x20000f78   Data           0  libspace.o(.bss)



==============================================================================

Memory Map of the image

  Image Entry point : 0x08000131

  Load Region LR_IROM1 (Base: 0x08000000, Size: 0x00004d84, Max: 0x00080000, ABSOLUTE, COMPRESSED[0x000043e8])

    Execution Region ER_IROM1 (Exec base: 0x08000000, Load base: 0x08000000, Size: 0x00004150, Max: 0x00080000, ABSOLUTE)

    Exec Addr    Load Addr    Size         Type   Attr      Idx    E Section Name        Object

    0x08000000   0x08000000   0x00000130   Data   RO            3    RESET               startup_stm32f103xe.o
    0x08000130   0x08000130   0x00000008   Code   RO         3734  * !!!main             c_w.l(__main.o)
    0x08000138   0x08000138   0x00000034   Code   RO         4062    !!!scatter          c_w.l(__scatter.o)
    0x0800016c   0x0800016c   0x00000064   Code   RO         4060    !!dclz77c           c_w.l(__dclz77c.o)
    0x080001d0   0x080001d0   0x0000001c   Code   RO         4064    !!handler_zi        c_w.l(__scatter_zi.o)
    0x080001ec   0x080001ec   0x00000000   Code   RO         3721    .ARM.Collect$$_printf_percent$$00000000  c_w.l(_printf_percent.o)
    0x080001ec   0x080001ec   0x00000006   Code   RO         3720    .ARM.Collect$$_printf_percent$$00000003  c_w.l(_printf_f.o)
    0x080001f2   0x080001f2   0x00000006   Code   RO         3719    .ARM.Collect$$_printf_percent$$00000009  c_w.l(_printf_d.o)
    0x080001f8   0x080001f8   0x00000004   Code   RO         3823    .ARM.Collect$$_printf_percent$$00000017  c_w.l(_printf_percent_end.o)
    0x080001fc   0x080001fc   0x00000002   Code   RO         3937    .ARM.Collect$$libinit$$00000000  c_w.l(libinit.o)
    0x080001fe   0x080001fe   0x00000000   Code   RO         3939    .ARM.Collect$$libinit$$00000002  c_w.l(libinit2.o)
    0x080001fe   0x080001fe   0x00000000   Code   RO         3941    .ARM.Collect$$libinit$$00000004  c_w.l(libinit2.o)
    0x080001fe   0x080001fe   0x00000000   Code   RO         3944    .ARM.Collect$$libinit$$0000000A  c_w.l(libinit2.o)
    0x080001fe   0x080001fe   0x00000000   Code   RO         3946    .ARM.Collect$$libinit$$0000000C  c_w.l(libinit2.o)
    0x080001fe   0x080001fe   0x00000000   Code   RO         3948    .ARM.Collect$$libinit$$0000000E  c_w.l(libinit2.o)
    0x080001fe   0x080001fe   0x00000006   Code   RO         3949    .ARM.Collect$$libinit$$0000000F  c_w.l(libinit2.o)
    0x08000204   0x08000204   0x00000000   Code   RO         3951    .ARM.Collect$$libinit$$00000011  c_w.l(libinit2.o)
    0x08000204   0x08000204   0x00000000   Code   RO         3953    .ARM.Collect$$libinit$$00000013  c_w.l(libinit2.o)
    0x08000204   0x08000204   0x00000000   Code   RO         3955    .ARM.Collect$$libinit$$00000015  c_w.l(libinit2.o)
    0x08000204   0x08000204   0x0000000a   Code   RO         3956    .ARM.Collect$$libinit$$00000016  c_w.l(libinit2.o)
    0x0800020e   0x0800020e   0x00000000   Code   RO         3957    .ARM.Collect$$libinit$$00000017  c_w.l(libinit2.o)
    0x0800020e   0x0800020e   0x00000000   Code   RO         3959    .ARM.Collect$$libinit$$00000019  c_w.l(libinit2.o)
    0x0800020e   0x0800020e   0x00000000   Code   RO         3961    .ARM.Collect$$libinit$$0000001B  c_w.l(libinit2.o)
    0x0800020e   0x0800020e   0x00000000   Code   RO         3963    .ARM.Collect$$libinit$$0000001D  c_w.l(libinit2.o)
    0x0800020e   0x0800020e   0x00000000   Code   RO         3965    .ARM.Collect$$libinit$$0000001F  c_w.l(libinit2.o)
    0x0800020e   0x0800020e   0x00000000   Code   RO         3967    .ARM.Collect$$libinit$$00000021  c_w.l(libinit2.o)
    0x0800020e   0x0800020e   0x00000000   Code   RO         3969    .ARM.Collect$$libinit$$00000023  c_w.l(libinit2.o)
    0x0800020e   0x0800020e   0x00000000   Code   RO         3971    .ARM.Collect$$libinit$$00000025  c_w.l(libinit2.o)
    0x0800020e   0x0800020e   0x00000000   Code   RO         3975    .ARM.Collect$$libinit$$0000002C  c_w.l(libinit2.o)
    0x0800020e   0x0800020e   0x00000000   Code   RO         3977    .ARM.Collect$$libinit$$0000002E  c_w.l(libinit2.o)
    0x0800020e   0x0800020e   0x00000000   Code   RO         3979    .ARM.Collect$$libinit$$00000030  c_w.l(libinit2.o)
    0x0800020e   0x0800020e   0x00000000   Code   RO         3981    .ARM.Collect$$libinit$$00000032  c_w.l(libinit2.o)
    0x0800020e   0x0800020e   0x00000002   Code   RO         3982    .ARM.Collect$$libinit$$00000033  c_w.l(libinit2.o)
    0x08000210   0x08000210   0x00000002   Code   RO         4011    .ARM.Collect$$libshutdown$$00000000  c_w.l(libshutdown.o)
    0x08000212   0x08000212   0x00000000   Code   RO         4019    .ARM.Collect$$libshutdown$$00000002  c_w.l(libshutdown2.o)
    0x08000212   0x08000212   0x00000000   Code   RO         4021    .ARM.Collect$$libshutdown$$00000004  c_w.l(libshutdown2.o)
    0x08000212   0x08000212   0x00000000   Code   RO         4023    .ARM.Collect$$libshutdown$$00000006  c_w.l(libshutdown2.o)
    0x08000212   0x08000212   0x00000000   Code   RO         4026    .ARM.Collect$$libshutdown$$00000009  c_w.l(libshutdown2.o)
    0x08000212   0x08000212   0x00000000   Code   RO         4029    .ARM.Collect$$libshutdown$$0000000C  c_w.l(libshutdown2.o)
    0x08000212   0x08000212   0x00000000   Code   RO         4031    .ARM.Collect$$libshutdown$$0000000E  c_w.l(libshutdown2.o)
    0x08000212   0x08000212   0x00000000   Code   RO         4034    .ARM.Collect$$libshutdown$$00000011  c_w.l(libshutdown2.o)
    0x08000212   0x08000212   0x00000002   Code   RO         4035    .ARM.Collect$$libshutdown$$00000012  c_w.l(libshutdown2.o)
    0x08000214   0x08000214   0x00000000   Code   RO         3762    .ARM.Collect$$rtentry$$00000000  c_w.l(__rtentry.o)
    0x08000214   0x08000214   0x00000000   Code   RO         3853    .ARM.Collect$$rtentry$$00000002  c_w.l(__rtentry2.o)
    0x08000214   0x08000214   0x00000006   Code   RO         3865    .ARM.Collect$$rtentry$$00000004  c_w.l(__rtentry4.o)
    0x0800021a   0x0800021a   0x00000000   Code   RO         3855    .ARM.Collect$$rtentry$$00000009  c_w.l(__rtentry2.o)
    0x0800021a   0x0800021a   0x00000004   Code   RO         3856    .ARM.Collect$$rtentry$$0000000A  c_w.l(__rtentry2.o)
    0x0800021e   0x0800021e   0x00000000   Code   RO         3858    .ARM.Collect$$rtentry$$0000000C  c_w.l(__rtentry2.o)
    0x0800021e   0x0800021e   0x00000008   Code   RO         3859    .ARM.Collect$$rtentry$$0000000D  c_w.l(__rtentry2.o)
    0x08000226   0x08000226   0x00000002   Code   RO         3983    .ARM.Collect$$rtexit$$00000000  c_w.l(rtexit.o)
    0x08000228   0x08000228   0x00000000   Code   RO         3993    .ARM.Collect$$rtexit$$00000002  c_w.l(rtexit2.o)
    0x08000228   0x08000228   0x00000004   Code   RO         3994    .ARM.Collect$$rtexit$$00000003  c_w.l(rtexit2.o)
    0x0800022c   0x0800022c   0x00000006   Code   RO         3995    .ARM.Collect$$rtexit$$00000004  c_w.l(rtexit2.o)
    0x08000232   0x08000232   0x00000002   PAD
    0x08000234   0x08000234   0x00000040   Code   RO            4    .text               startup_stm32f103xe.o
    0x08000274   0x08000274   0x00000002   Code   RO         3680    .text               c_w.l(use_no_semi_2.o)
    0x08000276   0x08000276   0x00000002   PAD
    0x08000278   0x08000278   0x00000018   Code   RO         3684    .text               c_w.l(__2printf.o)
    0x08000290   0x08000290   0x00000078   Code   RO         3696    .text               c_w.l(_printf_dec.o)
    0x08000308   0x08000308   0x00000188   Code   RO         3715    .text               c_w.l(__printf_flags_ss_wp.o)
    0x08000490   0x08000490   0x0000004e   Code   RO         3730    .text               c_w.l(rt_memclr_w.o)
    0x080004de   0x080004de   0x00000006   Code   RO         3732    .text               c_w.l(heapauxi.o)
    0x080004e4   0x080004e4   0x00000002   Code   RO         3760    .text               c_w.l(use_no_semi.o)
    0x080004e6   0x080004e6   0x000000b2   Code   RO         3767    .text               c_w.l(_printf_intcommon.o)
    0x08000598   0x08000598   0x0000041e   Code   RO         3771    .text               c_w.l(_printf_fp_dec.o)
    0x080009b6   0x080009b6   0x00000002   PAD
    0x080009b8   0x080009b8   0x00000030   Code   RO         3773    .text               c_w.l(_printf_char_common.o)
    0x080009e8   0x080009e8   0x00000024   Code   RO         3779    .text               c_w.l(_printf_char_file.o)
    0x08000a0c   0x08000a0c   0x00000008   Code   RO         3870    .text               c_w.l(rt_locale_intlibspace.o)
    0x08000a14   0x08000a14   0x0000008a   Code   RO         3872    .text               c_w.l(lludiv10.o)
    0x08000a9e   0x08000a9e   0x00000002   PAD
    0x08000aa0   0x08000aa0   0x00000080   Code   RO         3877    .text               c_w.l(_printf_fp_infnan.o)
    0x08000b20   0x08000b20   0x000000e4   Code   RO         3883    .text               c_w.l(bigflt0.o)
    0x08000c04   0x08000c04   0x00000008   Code   RO         3908    .text               c_w.l(ferror.o)
    0x08000c0c   0x08000c0c   0x00000008   Code   RO         3921    .text               c_w.l(libspace.o)
    0x08000c14   0x08000c14   0x0000004a   Code   RO         3924    .text               c_w.l(sys_stackheap_outer.o)
    0x08000c5e   0x08000c5e   0x00000012   Code   RO         3928    .text               c_w.l(exit.o)
    0x08000c70   0x08000c70   0x00000080   Code   RO         3930    .text               c_w.l(strcmpv7m.o)
    0x08000cf0   0x08000cf0   0x0000003e   Code   RO         3886    CL$$btod_d2e        c_w.l(btod.o)
    0x08000d2e   0x08000d2e   0x00000046   Code   RO         3888    CL$$btod_d2e_denorm_low  c_w.l(btod.o)
    0x08000d74   0x08000d74   0x00000060   Code   RO         3887    CL$$btod_d2e_norm_op1  c_w.l(btod.o)
    0x08000dd4   0x08000dd4   0x00000338   Code   RO         3896    CL$$btod_div_common  c_w.l(btod.o)
    0x0800110c   0x0800110c   0x000000dc   Code   RO         3893    CL$$btod_e2e        c_w.l(btod.o)
    0x080011e8   0x080011e8   0x0000002a   Code   RO         3890    CL$$btod_ediv       c_w.l(btod.o)
    0x08001212   0x08001212   0x0000002a   Code   RO         3889    CL$$btod_emul       c_w.l(btod.o)
    0x0800123c   0x0800123c   0x00000244   Code   RO         3895    CL$$btod_mult_common  c_w.l(btod.o)
    0x08001480   0x08001480   0x00000004   Code   RO          318    i.BusFault_Handler  stm32f1xx_it.o
    0x08001484   0x08001484   0x00000002   Code   RO          319    i.DebugMon_Handler  stm32f1xx_it.o
    0x08001486   0x08001486   0x00000002   PAD
    0x08001488   0x08001488   0x00000340   Code   RO          935    i.HAL_GPIO_Init     stm32f1xx_hal_gpio.o
    0x080017c8   0x080017c8   0x00000010   Code   RO          937    i.HAL_GPIO_ReadPin  stm32f1xx_hal_gpio.o
    0x080017d8   0x080017d8   0x0000000c   Code   RO          939    i.HAL_GPIO_WritePin  stm32f1xx_hal_gpio.o
    0x080017e4   0x080017e4   0x0000000c   Code   RO          647    i.HAL_GetTick       stm32f1xx_hal.o
    0x080017f0   0x080017f0   0x00000018   Code   RO          653    i.HAL_IncTick       stm32f1xx_hal.o
    0x08001808   0x08001808   0x00000028   Code   RO          654    i.HAL_Init          stm32f1xx_hal.o
    0x08001830   0x08001830   0x0000004c   Code   RO          655    i.HAL_InitTick      stm32f1xx_hal.o
    0x0800187c   0x0800187c   0x00000002   Code   RO          657    i.HAL_MspInit       stm32f1xx_hal.o
    0x0800187e   0x0800187e   0x00000020   Code   RO          812    i.HAL_NVIC_EnableIRQ  stm32f1xx_hal_cortex.o
    0x0800189e   0x0800189e   0x0000007c   Code   RO          818    i.HAL_NVIC_SetPriority  stm32f1xx_hal_cortex.o
    0x0800191a   0x0800191a   0x00000002   PAD
    0x0800191c   0x0800191c   0x00000028   Code   RO          819    i.HAL_NVIC_SetPriorityGrouping  stm32f1xx_hal_cortex.o
    0x08001944   0x08001944   0x0000018c   Code   RO         1035    i.HAL_RCC_ClockConfig  stm32f1xx_hal_rcc.o
    0x08001ad0   0x08001ad0   0x0000000c   Code   RO         1040    i.HAL_RCC_GetHCLKFreq  stm32f1xx_hal_rcc.o
    0x08001adc   0x08001adc   0x00000020   Code   RO         1042    i.HAL_RCC_GetPCLK1Freq  stm32f1xx_hal_rcc.o
    0x08001afc   0x08001afc   0x00000020   Code   RO         1043    i.HAL_RCC_GetPCLK2Freq  stm32f1xx_hal_rcc.o
    0x08001b1c   0x08001b1c   0x00000094   Code   RO         1044    i.HAL_RCC_GetSysClockFreq  stm32f1xx_hal_rcc.o
    0x08001bb0   0x08001bb0   0x00000464   Code   RO         1047    i.HAL_RCC_OscConfig  stm32f1xx_hal_rcc.o
    0x08002014   0x08002014   0x00000034   Code   RO          823    i.HAL_SYSTICK_Config  stm32f1xx_hal_cortex.o
    0x08002048   0x08002048   0x00000002   Code   RO         2586    i.HAL_TIMEx_BreakCallback  stm32f1xx_hal_tim_ex.o
    0x0800204a   0x0800204a   0x00000002   Code   RO         2587    i.HAL_TIMEx_CommutCallback  stm32f1xx_hal_tim_ex.o
    0x0800204c   0x0800204c   0x00000066   Code   RO         1871    i.HAL_TIM_Base_Init  stm32f1xx_hal_tim.o
    0x080020b2   0x080020b2   0x00000002   Code   RO         1873    i.HAL_TIM_Base_MspInit  stm32f1xx_hal_tim.o
    0x080020b4   0x080020b4   0x00000090   Code   RO         1876    i.HAL_TIM_Base_Start_IT  stm32f1xx_hal_tim.o
    0x08002144   0x08002144   0x0000003e   Code   RO         1879    i.HAL_TIM_Base_Stop_IT  stm32f1xx_hal_tim.o
    0x08002182   0x08002182   0x00000002   Code   RO         1905    i.HAL_TIM_IC_CaptureCallback  stm32f1xx_hal_tim.o
    0x08002184   0x08002184   0x00000196   Code   RO         1919    i.HAL_TIM_IRQHandler  stm32f1xx_hal_tim.o
    0x0800231a   0x0800231a   0x00000002   Code   RO         1922    i.HAL_TIM_OC_DelayElapsedCallback  stm32f1xx_hal_tim.o
    0x0800231c   0x0800231c   0x000000fc   Code   RO         1943    i.HAL_TIM_PWM_ConfigChannel  stm32f1xx_hal_tim.o
    0x08002418   0x08002418   0x00000066   Code   RO         1946    i.HAL_TIM_PWM_Init  stm32f1xx_hal_tim.o
    0x0800247e   0x0800247e   0x00000002   Code   RO         1948    i.HAL_TIM_PWM_MspInit  stm32f1xx_hal_tim.o
    0x08002480   0x08002480   0x00000002   Code   RO         1949    i.HAL_TIM_PWM_PulseFinishedCallback  stm32f1xx_hal_tim.o
    0x08002482   0x08002482   0x00000002   PAD
    0x08002484   0x08002484   0x000000f4   Code   RO         1951    i.HAL_TIM_PWM_Start  stm32f1xx_hal_tim.o
    0x08002578   0x08002578   0x000000c8   Code   RO         3500    i.HAL_TIM_PeriodElapsedCallback  forward_motor.o
    0x08002640   0x08002640   0x00000002   Code   RO         1962    i.HAL_TIM_TriggerCallback  stm32f1xx_hal_tim.o
    0x08002642   0x08002642   0x00000072   Code   RO         1202    i.HAL_UART_Init     stm32f1xx_hal_uart.o
    0x080026b4   0x080026b4   0x000001f0   Code   RO          547    i.HAL_UART_MspInit  usart.o
    0x080028a4   0x080028a4   0x000000d8   Code   RO         1205    i.HAL_UART_Receive  stm32f1xx_hal_uart.o
    0x0800297c   0x0800297c   0x00000004   Code   RO          320    i.HardFault_Handler  stm32f1xx_it.o
    0x08002980   0x08002980   0x00000004   Code   RO          321    i.MemManage_Handler  stm32f1xx_it.o
    0x08002984   0x08002984   0x00000002   Code   RO          322    i.NMI_Handler       stm32f1xx_it.o
    0x08002986   0x08002986   0x00000002   Code   RO          323    i.PendSV_Handler    stm32f1xx_it.o
    0x08002988   0x08002988   0x00000028   Code   RO         1048    i.RCC_Delay         stm32f1xx_hal_rcc.o
    0x080029b0   0x080029b0   0x00000002   Code   RO          324    i.SVC_Handler       stm32f1xx_it.o
    0x080029b2   0x080029b2   0x00000008   Code   RO          325    i.SysTick_Handler   stm32f1xx_it.o
    0x080029ba   0x080029ba   0x00000002   Code   RO          394    i.SystemInit        system_stm32f1xx.o
    0x080029bc   0x080029bc   0x00000010   Code   RO         3501    i.TIM2_IRQHandler   forward_motor.o
    0x080029cc   0x080029cc   0x00000010   Code   RO         3439    i.TIM3_IRQHandler   convey_motor.o
    0x080029dc   0x080029dc   0x00000010   Code   RO         3565    i.TIM5_IRQHandler   lift_motor.o
    0x080029ec   0x080029ec   0x0000009c   Code   RO         1964    i.TIM_Base_SetConfig  stm32f1xx_hal_tim.o
    0x08002a88   0x08002a88   0x00000022   Code   RO         1965    i.TIM_CCxChannelCmd  stm32f1xx_hal_tim.o
    0x08002aaa   0x08002aaa   0x00000002   PAD
    0x08002aac   0x08002aac   0x00000070   Code   RO         1977    i.TIM_OC1_SetConfig  stm32f1xx_hal_tim.o
    0x08002b1c   0x08002b1c   0x0000007c   Code   RO         1978    i.TIM_OC2_SetConfig  stm32f1xx_hal_tim.o
    0x08002b98   0x08002b98   0x00000078   Code   RO         1979    i.TIM_OC3_SetConfig  stm32f1xx_hal_tim.o
    0x08002c10   0x08002c10   0x00000054   Code   RO         1980    i.TIM_OC4_SetConfig  stm32f1xx_hal_tim.o
    0x08002c64   0x08002c64   0x000000fc   Code   RO         1229    i.UART_SetConfig    stm32f1xx_hal_uart.o
    0x08002d60   0x08002d60   0x0000006c   Code   RO         1231    i.UART_WaitOnFlagUntilTimeout  stm32f1xx_hal_uart.o
    0x08002dcc   0x08002dcc   0x00000080   Code   RO          548    i.USART1_IRQHandler  usart.o
    0x08002e4c   0x08002e4c   0x00000050   Code   RO         3317    i.USART2_IRQHandler  esp8266.o
    0x08002e9c   0x08002e9c   0x00000004   Code   RO          326    i.UsageFault_Handler  stm32f1xx_it.o
    0x08002ea0   0x08002ea0   0x00000028   Code   RO         3919    i.__ARM_fpclassify  m_ws.l(fpclassify.o)
    0x08002ec8   0x08002ec8   0x00000010   Code   RO          825    i.__NVIC_GetPriorityGrouping  stm32f1xx_hal_cortex.o
    0x08002ed8   0x08002ed8   0x00000028   Code   RO          826    i.__NVIC_SetPriority  stm32f1xx_hal_cortex.o
    0x08002f00   0x08002f00   0x0000000e   Code   RO         3708    i._is_digit         c_w.l(__printf_wp.o)
    0x08002f0e   0x08002f0e   0x00000004   Code   RO          550    i._sys_exit         usart.o
    0x08002f12   0x08002f12   0x00000002   PAD
    0x08002f14   0x08002f14   0x0000006c   Code   RO           13    i.calculate_motor_pos  main.o
    0x08002f80   0x08002f80   0x000000e8   Code   RO         3440    i.convey_motor_init  convey_motor.o
    0x08003068   0x08003068   0x00000038   Code   RO         3441    i.convey_motor_setDirection  convey_motor.o
    0x080030a0   0x080030a0   0x0000000c   Code   RO         3442    i.convey_motor_setSpeed  convey_motor.o
    0x080030ac   0x080030ac   0x00000010   Code   RO         3443    i.convey_motor_start  convey_motor.o
    0x080030bc   0x080030bc   0x0000000c   Code   RO          431    i.delay_init        delay.o
    0x080030c8   0x080030c8   0x00000012   Code   RO          432    i.delay_ms          delay.o
    0x080030da   0x080030da   0x00000002   PAD
    0x080030dc   0x080030dc   0x00000048   Code   RO          433    i.delay_us          delay.o
    0x08003124   0x08003124   0x000000b0   Code   RO         3502    i.forward_motor_init  forward_motor.o
    0x080031d4   0x080031d4   0x00000020   Code   RO         3503    i.forward_motor_setDirection  forward_motor.o
    0x080031f4   0x080031f4   0x00000014   Code   RO         3504    i.forward_motor_setSpeed  forward_motor.o
    0x08003208   0x08003208   0x00000010   Code   RO         3505    i.forward_motor_start  forward_motor.o
    0x08003218   0x08003218   0x0000003c   Code   RO         3506    i.forward_motor_stop  forward_motor.o
    0x08003254   0x08003254   0x0000001c   Code   RO          552    i.fputc             usart.o
    0x08003270   0x08003270   0x00000054   Code   RO         3153    i.key_init          key.o
    0x080032c4   0x080032c4   0x0000002c   Code   RO           16    i.key_reset         main.o
    0x080032f0   0x080032f0   0x00000068   Code   RO         3154    i.key_scanf         key.o
    0x08003358   0x08003358   0x00000080   Code   RO         3129    i.led_init          led.o
    0x080033d8   0x080033d8   0x000000e4   Code   RO           17    i.lift_forward_motor_detect  main.o
    0x080034bc   0x080034bc   0x00000118   Code   RO           18    i.lift_forward_motor_init  main.o
    0x080035d4   0x080035d4   0x000000b0   Code   RO         3566    i.lift_motor_init   lift_motor.o
    0x08003684   0x08003684   0x00000020   Code   RO         3567    i.lift_motor_setDirection  lift_motor.o
    0x080036a4   0x080036a4   0x00000014   Code   RO         3568    i.lift_motor_setSpeed  lift_motor.o
    0x080036b8   0x080036b8   0x00000010   Code   RO         3569    i.lift_motor_start  lift_motor.o
    0x080036c8   0x080036c8   0x0000003c   Code   RO         3570    i.lift_motor_stop   lift_motor.o
    0x08003704   0x08003704   0x00000118   Code   RO           20    i.main              main.o
    0x0800381c   0x0800381c   0x00000066   Code   RO          480    i.sys_stm32_clock_init  sys.o
    0x08003882   0x08003882   0x00000002   PAD
    0x08003884   0x08003884   0x000000ac   Code   RO         3571    i.update            lift_motor.o
    0x08003930   0x08003930   0x0000002c   Code   RO          553    i.usart1_init       usart.o
    0x0800395c   0x0800395c   0x0000002c   Code   RO         3915    locale$$code        c_w.l(lc_numeric_c.o)
    0x08003988   0x08003988   0x00000062   Code   RO         3736    x$fpl$d2f           fz_ws.l(d2f.o)
    0x080039ea   0x080039ea   0x00000018   Code   RO         3833    x$fpl$dcmpinf       fz_ws.l(dcmpi.o)
    0x08003a02   0x08003a02   0x00000002   PAD
    0x08003a04   0x08003a04   0x00000078   Code   RO         3738    x$fpl$dleqf         fz_ws.l(dleqf.o)
    0x08003a7c   0x08003a7c   0x0000009c   Code   RO         3835    x$fpl$dnaninf       fz_ws.l(dnaninf.o)
    0x08003b18   0x08003b18   0x0000000c   Code   RO         3837    x$fpl$dretinf       fz_ws.l(dretinf.o)
    0x08003b24   0x08003b24   0x0000006c   Code   RO         3740    x$fpl$drleqf        fz_ws.l(drleqf.o)
    0x08003b90   0x08003b90   0x00000056   Code   RO         3742    x$fpl$f2d           fz_ws.l(f2d.o)
    0x08003be6   0x08003be6   0x00000002   PAD
    0x08003be8   0x08003be8   0x000000c4   Code   RO         3744    x$fpl$fadd          fz_ws.l(faddsub_clz.o)
    0x08003cac   0x08003cac   0x00000018   Code   RO         3839    x$fpl$fcmpinf       fz_ws.l(fcmpi.o)
    0x08003cc4   0x08003cc4   0x0000003e   Code   RO         3750    x$fpl$ffixu         fz_ws.l(ffixu.o)
    0x08003d02   0x08003d02   0x00000002   PAD
    0x08003d04   0x08003d04   0x00000068   Code   RO         3754    x$fpl$fleqf         fz_ws.l(fleqf.o)
    0x08003d6c   0x08003d6c   0x00000102   Code   RO         3756    x$fpl$fmul          fz_ws.l(fmul.o)
    0x08003e6e   0x08003e6e   0x0000008c   Code   RO         3841    x$fpl$fnaninf       fz_ws.l(fnaninf.o)
    0x08003efa   0x08003efa   0x0000000a   Code   RO         3843    x$fpl$fretinf       fz_ws.l(fretinf.o)
    0x08003f04   0x08003f04   0x000000ea   Code   RO         3746    x$fpl$fsub          fz_ws.l(faddsub_clz.o)
    0x08003fee   0x08003fee   0x00000004   Code   RO         3758    x$fpl$printf1       fz_ws.l(printf1.o)
    0x08003ff2   0x08003ff2   0x00000000   Code   RO         3851    x$fpl$usenofp       fz_ws.l(usenofp.o)
    0x08003ff2   0x08003ff2   0x00000018   Data   RO          395    .constdata          system_stm32f1xx.o
    0x0800400a   0x0800400a   0x00000010   Data   RO         3508    .constdata          forward_motor.o
    0x0800401a   0x0800401a   0x00000010   Data   RO         3573    .constdata          lift_motor.o
    0x0800402a   0x0800402a   0x00000011   Data   RO         3716    .constdata          c_w.l(__printf_flags_ss_wp.o)
    0x0800403b   0x0800403b   0x00000001   PAD
    0x0800403c   0x0800403c   0x00000094   Data   RO         3884    .constdata          c_w.l(bigflt0.o)
    0x080040d0   0x080040d0   0x00000042   Data   RO           24    .conststring        main.o
    0x08004112   0x08004112   0x00000002   PAD
    0x08004114   0x08004114   0x00000020   Data   RO         4058    Region$$Table       anon$$obj.o
    0x08004134   0x08004134   0x0000001c   Data   RO         3914    locale$$data        c_w.l(lc_numeric_c.o)


    Execution Region RW_IRAM1 (Exec base: 0x20000000, Load base: 0x08004150, Size: 0x00001578, Max: 0x00010000, ABSOLUTE, COMPRESSED[0x00000298])

    Exec Addr    Load Addr    Size         Type   Attr      Idx    E Section Name        Object

    0x20000000   COMPRESSED   0x00000c0c   Data   RW           25    .data               main.o
    0x20000c0c   COMPRESSED   0x00000004   Data   RW          396    .data               system_stm32f1xx.o
    0x20000c10   COMPRESSED   0x00000004   Data   RW          434    .data               delay.o
    0x20000c14   COMPRESSED   0x0000000c   Data   RW          558    .data               usart.o
    0x20000c20   COMPRESSED   0x00000009   Data   RW          661    .data               stm32f1xx_hal.o
    0x20000c29   COMPRESSED   0x00000001   PAD
    0x20000c2a   COMPRESSED   0x00000004   Data   RW         3334    .data               esp8266.o
    0x20000c2e   COMPRESSED   0x00000002   Data   RW         3509    .data               forward_motor.o
    0x20000c30   COMPRESSED   0x00000002   Data   RW         3574    .data               lift_motor.o
    0x20000c32   COMPRESSED   0x00000002   PAD
    0x20000c34        -       0x0000010c   Zero   RW          557    .bss                usart.o
    0x20000d40        -       0x00000100   Zero   RW         3333    .bss                esp8266.o
    0x20000e40        -       0x00000048   Zero   RW         3445    .bss                convey_motor.o
    0x20000e88        -       0x00000048   Zero   RW         3507    .bss                forward_motor.o
    0x20000ed0        -       0x00000048   Zero   RW         3572    .bss                lift_motor.o
    0x20000f18        -       0x00000060   Zero   RW         3922    .bss                c_w.l(libspace.o)
    0x20000f78        -       0x00000200   Zero   RW            2    HEAP                startup_stm32f103xe.o
    0x20001178        -       0x00000400   Zero   RW            1    STACK               startup_stm32f103xe.o


==============================================================================

Image component sizes


      Code (inc. data)   RO Data    RW Data    ZI Data      Debug   Object Name

       332         42          0          0         72       3483   convey_motor.o
       102         10          0          4          0       1867   delay.o
        80         12          0          4        256       1470   esp8266.o
       520         64         16          2         72       4813   forward_motor.o
       188         12          0          0          0       4579   key.o
       128         14          0          0          0        875   led.o
       492         62         16          2         72       4537   lift_motor.o
       940        248         66       3084          0     488865   main.o
        64         26        304          0       1536        932   startup_stm32f103xe.o
       154         32          0          9          0       6427   stm32f1xx_hal.o
       304         22          0          0          0      29487   stm32f1xx_hal_cortex.o
       860         40          0          0          0       3367   stm32f1xx_hal_gpio.o
      1784        110          0          0          0       6080   stm32f1xx_hal_rcc.o
      1954        102          0          0          0      13310   stm32f1xx_hal_tim.o
         4          0          0          0          0       1545   stm32f1xx_hal_tim_ex.o
       690          4          0          0          0       3671   stm32f1xx_hal_uart.o
        32          0          0          0          0       3942   stm32f1xx_it.o
       102          0          0          0          0        715   sys.o
         2          0         24          4          0       1355   system_stm32f1xx.o
       700         56          0         12        268       5944   usart.o

    ----------------------------------------------------------------------
      9446        856        460       3124       2276     587264   Object Totals
         0          0         32          0          0          0   (incl. Generated)
        14          0          2          3          0          0   (incl. Padding)

    ----------------------------------------------------------------------

      Code (inc. data)   RO Data    RW Data    ZI Data      Debug   Library Member Name

        24          4          0          0          0         84   __2printf.o
       100          0          0          0          0          0   __dclz77c.o
         8          0          0          0          0         68   __main.o
       392          4         17          0          0         92   __printf_flags_ss_wp.o
        14          0          0          0          0         68   __printf_wp.o
         0          0          0          0          0          0   __rtentry.o
        12          0          0          0          0          0   __rtentry2.o
         6          0          0          0          0          0   __rtentry4.o
        52          8          0          0          0          0   __scatter.o
        28          0          0          0          0          0   __scatter_zi.o
        48          6          0          0          0         96   _printf_char_common.o
        36          4          0          0          0         80   _printf_char_file.o
         6          0          0          0          0          0   _printf_d.o
       120         16          0          0          0         92   _printf_dec.o
         6          0          0          0          0          0   _printf_f.o
      1054          0          0          0          0        216   _printf_fp_dec.o
       128         16          0          0          0         84   _printf_fp_infnan.o
       178          0          0          0          0         88   _printf_intcommon.o
         0          0          0          0          0          0   _printf_percent.o
         4          0          0          0          0          0   _printf_percent_end.o
       228          4        148          0          0         96   bigflt0.o
      1936        128          0          0          0        672   btod.o
        18          0          0          0          0         80   exit.o
         8          0          0          0          0         68   ferror.o
         6          0          0          0          0        152   heapauxi.o
        44         10         28          0          0         76   lc_numeric_c.o
         2          0          0          0          0          0   libinit.o
        18          0          0          0          0          0   libinit2.o
         2          0          0          0          0          0   libshutdown.o
         2          0          0          0          0          0   libshutdown2.o
         8          4          0          0         96         68   libspace.o
       138          0          0          0          0         80   lludiv10.o
         8          4          0          0          0         68   rt_locale_intlibspace.o
        78          0          0          0          0         80   rt_memclr_w.o
         2          0          0          0          0          0   rtexit.o
        10          0          0          0          0          0   rtexit2.o
       128          0          0          0          0         68   strcmpv7m.o
        74          0          0          0          0         80   sys_stackheap_outer.o
         2          0          0          0          0         68   use_no_semi.o
         2          0          0          0          0         68   use_no_semi_2.o
        98          4          0          0          0         92   d2f.o
        24          0          0          0          0         68   dcmpi.o
       120          4          0          0          0         92   dleqf.o
       156          4          0          0          0         92   dnaninf.o
        12          0          0          0          0         68   dretinf.o
       108          0          0          0          0         80   drleqf.o
        86          4          0          0          0         84   f2d.o
       430          8          0          0          0        168   faddsub_clz.o
        24          0          0          0          0         68   fcmpi.o
        62          4          0          0          0         84   ffixu.o
       104          4          0          0          0         84   fleqf.o
       258          4          0          0          0         84   fmul.o
       140          4          0          0          0         84   fnaninf.o
        10          0          0          0          0         68   fretinf.o
         4          0          0          0          0         68   printf1.o
         0          0          0          0          0          0   usenofp.o
        40          0          0          0          0         68   fpclassify.o

    ----------------------------------------------------------------------
      6620        248        194          0         96       4044   Library Totals
        14          0          1          0          0          0   (incl. Padding)

    ----------------------------------------------------------------------

      Code (inc. data)   RO Data    RW Data    ZI Data      Debug   Library Name

      4930        208        193          0         96       2692   c_w.l
      1636         40          0          0          0       1284   fz_ws.l
        40          0          0          0          0         68   m_ws.l

    ----------------------------------------------------------------------
      6620        248        194          0         96       4044   Library Totals

    ----------------------------------------------------------------------

==============================================================================


      Code (inc. data)   RO Data    RW Data    ZI Data      Debug   

     16066       1104        654       3124       2372     584388   Grand Totals
     16066       1104        654        664       2372     584388   ELF Image Totals (compressed)
     16066       1104        654        664          0          0   ROM Totals

==============================================================================

    Total RO  Size (Code + RO Data)                16720 (  16.33kB)
    Total RW  Size (RW Data + ZI Data)              5496 (   5.37kB)
    Total ROM Size (Code + RO Data + RW Data)      17384 (  16.98kB)

==============================================================================

